Archive member included to satisfy reference by file (symbol)

c:/nxp/mcuxpressoide_11.0.1_2563/ide/plugins/com.nxp.mcuxpresso.tools.win32_11.0.1.201907311258/tools/bin/../lib/gcc/arm-none-eabi/8.2.1/../../../../arm-none-eabi/lib/thumb/v6-m/nofp\libcr_c.a(memcpy.o)
                              ./source/memory_test.o (memcpy)
c:/nxp/mcuxpressoide_11.0.1_2563/ide/plugins/com.nxp.mcuxpresso.tools.win32_11.0.1.201907311258/tools/bin/../lib/gcc/arm-none-eabi/8.2.1/../../../../arm-none-eabi/lib/thumb/v6-m/nofp\libcr_c.a(memset.o)
                              ./drivers/fsl_flash.o (memset)
c:/nxp/mcuxpressoide_11.0.1_2563/ide/plugins/com.nxp.mcuxpresso.tools.win32_11.0.1.201907311258/tools/bin/../lib/gcc/arm-none-eabi/8.2.1/../../../../arm-none-eabi/lib/thumb/v6-m/nofp\libcr_c.a(alloc.o)
                              ./source/memory_test.o (malloc)
c:/nxp/mcuxpressoide_11.0.1_2563/ide/plugins/com.nxp.mcuxpresso.tools.win32_11.0.1.201907311258/tools/bin/../lib/gcc/arm-none-eabi/8.2.1/../../../../arm-none-eabi/lib/thumb/v6-m/nofp\libcr_c.a(strlen.o)
                              ./utilities/fsl_debug_console.o (strlen)
c:/nxp/mcuxpressoide_11.0.1_2563/ide/plugins/com.nxp.mcuxpresso.tools.win32_11.0.1.201907311258/tools/bin/../lib/gcc/arm-none-eabi/8.2.1/../../../../arm-none-eabi/lib/thumb/v6-m/nofp\libcr_c.a(__init_alloc.o)
                              c:/nxp/mcuxpressoide_11.0.1_2563/ide/plugins/com.nxp.mcuxpresso.tools.win32_11.0.1.201907311258/tools/bin/../lib/gcc/arm-none-eabi/8.2.1/../../../../arm-none-eabi/lib/thumb/v6-m/nofp\libcr_c.a(alloc.o) (__heaps)
c:/nxp/mcuxpressoide_11.0.1_2563/ide/plugins/com.nxp.mcuxpresso.tools.win32_11.0.1.201907311258/tools/bin/../lib/gcc/arm-none-eabi/8.2.1/../../../../arm-none-eabi/lib/thumb/v6-m/nofp\libcr_c.a(_cr_sbrk.o)
                              c:/nxp/mcuxpressoide_11.0.1_2563/ide/plugins/com.nxp.mcuxpresso.tools.win32_11.0.1.201907311258/tools/bin/../lib/gcc/arm-none-eabi/8.2.1/../../../../arm-none-eabi/lib/thumb/v6-m/nofp\libcr_c.a(alloc.o) (_sbrk)
c:/nxp/mcuxpressoide_11.0.1_2563/ide/plugins/com.nxp.mcuxpresso.tools.win32_11.0.1.201907311258/tools/bin/../lib/gcc/arm-none-eabi/8.2.1/../../../../arm-none-eabi/lib/thumb/v6-m/nofp\libcr_c.a(errno.o)
                              c:/nxp/mcuxpressoide_11.0.1_2563/ide/plugins/com.nxp.mcuxpresso.tools.win32_11.0.1.201907311258/tools/bin/../lib/gcc/arm-none-eabi/8.2.1/../../../../arm-none-eabi/lib/thumb/v6-m/nofp\libcr_c.a(_cr_sbrk.o) (errno)
c:/nxp/mcuxpressoide_11.0.1_2563/ide/plugins/com.nxp.mcuxpresso.tools.win32_11.0.1.201907311258/tools/bin/../lib/gcc/arm-none-eabi/8.2.1/../../../../arm-none-eabi/lib/thumb/v6-m/nofp\libcr_c.a(_cr_check_heap.o)
                              c:/nxp/mcuxpressoide_11.0.1_2563/ide/plugins/com.nxp.mcuxpresso.tools.win32_11.0.1.201907311258/tools/bin/../lib/gcc/arm-none-eabi/8.2.1/../../../../arm-none-eabi/lib/thumb/v6-m/nofp\libcr_c.a(_cr_sbrk.o) (__check_heap_overflow)
c:/nxp/mcuxpressoide_11.0.1_2563/ide/plugins/com.nxp.mcuxpresso.tools.win32_11.0.1.201907311258/tools/bin/../lib/gcc/arm-none-eabi/8.2.1/thumb/v6-m/nofp\libcr_eabihelpers.a(division_32.o)
                              ./utilities/fsl_debug_console.o (__aeabi_idiv)
c:/nxp/mcuxpressoide_11.0.1_2563/ide/plugins/com.nxp.mcuxpresso.tools.win32_11.0.1.201907311258/tools/bin/../lib/gcc/arm-none-eabi/8.2.1/thumb/v6-m/nofp\libcr_eabihelpers.a(division_idiv0.o)
                              c:/nxp/mcuxpressoide_11.0.1_2563/ide/plugins/com.nxp.mcuxpresso.tools.win32_11.0.1.201907311258/tools/bin/../lib/gcc/arm-none-eabi/8.2.1/thumb/v6-m/nofp\libcr_eabihelpers.a(division_32.o) (__aeabi_idiv0)
c:/nxp/mcuxpressoide_11.0.1_2563/ide/plugins/com.nxp.mcuxpresso.tools.win32_11.0.1.201907311258/tools/bin/../lib/gcc/arm-none-eabi/8.2.1/thumb/v6-m/nofp\libcr_eabihelpers.a(memcpy.o)
                              c:/nxp/mcuxpressoide_11.0.1_2563/ide/plugins/com.nxp.mcuxpresso.tools.win32_11.0.1.201907311258/tools/bin/../lib/gcc/arm-none-eabi/8.2.1/../../../../arm-none-eabi/lib/thumb/v6-m/nofp\libcr_c.a(memcpy.o) (__aeabi_memcpy)
c:/nxp/mcuxpressoide_11.0.1_2563/ide/plugins/com.nxp.mcuxpresso.tools.win32_11.0.1.201907311258/tools/bin/../lib/gcc/arm-none-eabi/8.2.1/../../../../arm-none-eabi/lib/thumb/v6-m/nofp\libcr_nohost_nf.a(__sys_appexit.o)
                              c:/nxp/mcuxpressoide_11.0.1_2563/ide/plugins/com.nxp.mcuxpresso.tools.win32_11.0.1.201907311258/tools/bin/../lib/gcc/arm-none-eabi/8.2.1/../../../../arm-none-eabi/lib/thumb/v6-m/nofp\libcr_c.a(alloc.o) (__sys_appexit)
c:/nxp/mcuxpressoide_11.0.1_2563/ide/plugins/com.nxp.mcuxpresso.tools.win32_11.0.1.201907311258/tools/bin/../lib/gcc/arm-none-eabi/8.2.1/../../../../arm-none-eabi/lib/thumb/v6-m/nofp\libcr_nohost_nf.a(__sys_write.o)
                              c:/nxp/mcuxpressoide_11.0.1_2563/ide/plugins/com.nxp.mcuxpresso.tools.win32_11.0.1.201907311258/tools/bin/../lib/gcc/arm-none-eabi/8.2.1/../../../../arm-none-eabi/lib/thumb/v6-m/nofp\libcr_c.a(alloc.o) (__sys_write)

Allocating common symbols
Common symbol       size              file

log_a               0x1               ./source/main.o
g_xtal32Freq        0x4               ./drivers/fsl_clock.o
g_xtal0Freq         0x4               ./drivers/fsl_clock.o

Discarded input sections

 .text          0x00000000        0x0 ./source/main.o
 .data          0x00000000        0x0 ./source/main.o
 .bss           0x00000000        0x0 ./source/main.o
 .rodata.RED    0x00000000        0x1 ./source/main.o
 .rodata.GREEN  0x00000000        0x1 ./source/main.o
 .rodata.BLUE   0x00000000        0x1 ./source/main.o
 .rodata.OFF    0x00000000        0x1 ./source/main.o
 .rodata.LENGTH
                0x00000000        0x1 ./source/main.o
 .rodata.SEED   0x00000000        0x1 ./source/main.o
 .text          0x00000000        0x0 ./source/led_control.o
 .data          0x00000000        0x0 ./source/led_control.o
 .bss           0x00000000        0x0 ./source/led_control.o
 .text          0x00000000        0x0 ./source/logger.o
 .data          0x00000000        0x0 ./source/logger.o
 .bss           0x00000000        0x0 ./source/logger.o
 .text.log_disable
                0x00000000       0x14 ./source/logger.o
 .text.log_status
                0x00000000       0x1c ./source/logger.o
 .text.log_int  0x00000000       0x38 ./source/logger.o
 .text          0x00000000        0x0 ./source/memory_test.o
 .data          0x00000000        0x0 ./source/memory_test.o
 .bss           0x00000000        0x0 ./source/memory_test.o
 .text          0x00000000        0x0 ./source/pattern_generator.o
 .data          0x00000000        0x0 ./source/pattern_generator.o
 .bss           0x00000000        0x0 ./source/pattern_generator.o
 .text          0x00000000        0x0 ./source/mtb.o
 .data          0x00000000        0x0 ./source/mtb.o
 .bss           0x00000000        0x0 ./source/mtb.o
 .text          0x00000000        0x0 ./source/semihost_hardfault.o
 .data          0x00000000        0x0 ./source/semihost_hardfault.o
 .bss           0x00000000        0x0 ./source/semihost_hardfault.o
 .text          0x00000000        0x0 ./startup/startup_mkl25z4.o
 .data          0x00000000        0x0 ./startup/startup_mkl25z4.o
 .bss           0x00000000        0x0 ./startup/startup_mkl25z4.o
 .text          0x00000000        0x0 ./CMSIS/system_MKL25Z4.o
 .data          0x00000000        0x0 ./CMSIS/system_MKL25Z4.o
 .bss           0x00000000        0x0 ./CMSIS/system_MKL25Z4.o
 .text.SystemCoreClockUpdate
                0x00000000      0x238 ./CMSIS/system_MKL25Z4.o
 .text          0x00000000        0x0 ./utilities/fsl_debug_console.o
 .data          0x00000000        0x0 ./utilities/fsl_debug_console.o
 .bss           0x00000000        0x0 ./utilities/fsl_debug_console.o
 .text.DbgConsole_Deinit
                0x00000000       0x60 ./utilities/fsl_debug_console.o
 .text.DbgConsole_Scanf
                0x00000000       0xbc ./utilities/fsl_debug_console.o
 .text.DbgConsole_Getchar
                0x00000000       0x40 ./utilities/fsl_debug_console.o
 .text.DbgConsole_ScanIgnoreWhiteSpace
                0x00000000       0x80 ./utilities/fsl_debug_console.o
 .text.DbgConsole_ScanfFormattedData
                0x00000000      0x504 ./utilities/fsl_debug_console.o
 .rodata.DbgConsole_ScanfFormattedData
                0x00000000      0x124 ./utilities/fsl_debug_console.o
 .text._write   0x00000000       0x58 ./utilities/fsl_debug_console.o
 .text._read    0x00000000       0x44 ./utilities/fsl_debug_console.o
 .text          0x00000000        0x0 ./drivers/fsl_clock.o
 .data          0x00000000        0x0 ./drivers/fsl_clock.o
 .bss           0x00000000        0x0 ./drivers/fsl_clock.o
 .text.CLOCK_EnableClock
                0x00000000       0x34 ./drivers/fsl_clock.o
 .text.CLOCK_DisableClock
                0x00000000       0x38 ./drivers/fsl_clock.o
 .data.s_fastIrcFreq
                0x00000000        0x4 ./drivers/fsl_clock.o
 .text.CLOCK_FllStableDelay
                0x00000000       0x24 ./drivers/fsl_clock.o
 .text.CLOCK_GetInternalRefClkSelectFreq
                0x00000000       0x40 ./drivers/fsl_clock.o
 .text.CLOCK_GetOsc0ErClkFreq
                0x00000000       0x4c ./drivers/fsl_clock.o
 .text.CLOCK_GetEr32kClkFreq
                0x00000000       0x84 ./drivers/fsl_clock.o
 .text.CLOCK_GetPlatClkFreq
                0x00000000       0x2c ./drivers/fsl_clock.o
 .text.CLOCK_GetFlashClkFreq
                0x00000000       0x50 ./drivers/fsl_clock.o
 .text.CLOCK_GetBusClkFreq
                0x00000000       0x50 ./drivers/fsl_clock.o
 .text.CLOCK_GetCoreSysClkFreq
                0x00000000       0x2c ./drivers/fsl_clock.o
 .text.CLOCK_GetFreq
                0x00000000       0xe0 ./drivers/fsl_clock.o
 .rodata.CLOCK_GetFreq
                0x00000000       0x38 ./drivers/fsl_clock.o
 .text.CLOCK_EnableUsbfs0Clock
                0x00000000       0x84 ./drivers/fsl_clock.o
 .text.CLOCK_GetOutClkFreq
                0x00000000       0x68 ./drivers/fsl_clock.o
 .text.CLOCK_GetInternalRefClkFreq
                0x00000000       0x28 ./drivers/fsl_clock.o
 .text.CLOCK_GetFixedFreqClkFreq
                0x00000000       0x30 ./drivers/fsl_clock.o
 .text.CLOCK_CalcPllDiv
                0x00000000      0x1c0 ./drivers/fsl_clock.o
 .text.CLOCK_SetOsc0MonitorMode
                0x00000000       0x80 ./drivers/fsl_clock.o
 .text.CLOCK_SetPll0MonitorMode
                0x00000000       0x84 ./drivers/fsl_clock.o
 .text.CLOCK_GetStatusFlags
                0x00000000       0x6c ./drivers/fsl_clock.o
 .text.CLOCK_ClearStatusFlags
                0x00000000       0x3c ./drivers/fsl_clock.o
 .text.CLOCK_DeinitOsc0
                0x00000000       0x28 ./drivers/fsl_clock.o
 .text.CLOCK_TrimInternalRefClk
                0x00000000      0x168 ./drivers/fsl_clock.o
 .text.CLOCK_GetMode
                0x00000000       0xdc ./drivers/fsl_clock.o
 .text.CLOCK_SetFeiMode
                0x00000000       0xdc ./drivers/fsl_clock.o
 .text.CLOCK_SetFeeMode
                0x00000000      0x12c ./drivers/fsl_clock.o
 .text.CLOCK_SetFbiMode
                0x00000000       0xf0 ./drivers/fsl_clock.o
 .text.CLOCK_SetFbeMode
                0x00000000      0x14c ./drivers/fsl_clock.o
 .text.CLOCK_SetBlpiMode
                0x00000000       0x20 ./drivers/fsl_clock.o
 .text.CLOCK_SetBlpeMode
                0x00000000       0x20 ./drivers/fsl_clock.o
 .text.CLOCK_SetPeeMode
                0x00000000       0x34 ./drivers/fsl_clock.o
 .text.CLOCK_ExternalModeToFbeModeQuick
                0x00000000       0x6c ./drivers/fsl_clock.o
 .text.CLOCK_InternalModeToFbiModeQuick
                0x00000000       0x48 ./drivers/fsl_clock.o
 .text.CLOCK_BootToFeiMode
                0x00000000       0x2e ./drivers/fsl_clock.o
 .text.CLOCK_BootToFeeMode
                0x00000000       0x4e ./drivers/fsl_clock.o
 .text.CLOCK_BootToBlpiMode
                0x00000000       0x78 ./drivers/fsl_clock.o
 .text.CLOCK_BootToBlpeMode
                0x00000000       0x7c ./drivers/fsl_clock.o
 .rodata.mcgModeMatrix
                0x00000000       0x40 ./drivers/fsl_clock.o
 .text.CLOCK_SetMcgConfig
                0x00000000      0x1bc ./drivers/fsl_clock.o
 .rodata.CLOCK_SetMcgConfig
                0x00000000       0x20 ./drivers/fsl_clock.o
 .rodata.__func__.5359
                0x00000000       0x17 ./drivers/fsl_clock.o
 .rodata.__func__.5367
                0x00000000       0x16 ./drivers/fsl_clock.o
 .rodata.trimRange.5526
                0x00000000       0x10 ./drivers/fsl_clock.o
 .text          0x00000000        0x0 ./drivers/fsl_common.o
 .data          0x00000000        0x0 ./drivers/fsl_common.o
 .bss           0x00000000        0x0 ./drivers/fsl_common.o
 .text.DisableGlobalIRQ
                0x00000000       0x1c ./drivers/fsl_common.o
 .text.EnableGlobalIRQ
                0x00000000       0x1a ./drivers/fsl_common.o
 .text.InstallIRQHandler
                0x00000000       0x98 ./drivers/fsl_common.o
 .text          0x00000000        0x0 ./drivers/fsl_flash.o
 .data          0x00000000        0x0 ./drivers/fsl_flash.o
 .bss           0x00000000        0x0 ./drivers/fsl_flash.o
 .rodata.kFCCOBx
                0x00000000        0x4 ./drivers/fsl_flash.o
 .rodata.kFPROTL
                0x00000000        0x4 ./drivers/fsl_flash.o
 .bss.callFlashRunCommand
                0x00000000        0x4 ./drivers/fsl_flash.o
 .bss.callFlashCommonBitOperation
                0x00000000        0x4 ./drivers/fsl_flash.o
 .rodata.s_flashRunCommandFunctionCode
                0x00000000        0xc ./drivers/fsl_flash.o
 .rodata.s_flashCommonBitOperationFunctionCode
                0x00000000       0x1c ./drivers/fsl_flash.o
 .bss.s_flashRunCommand
                0x00000000       0x40 ./drivers/fsl_flash.o
 .bss.s_flashCommonBitOperation
                0x00000000       0x40 ./drivers/fsl_flash.o
 .bss.s_flashExecuteInRamFunctionInfo
                0x00000000        0xc ./drivers/fsl_flash.o
 .rodata.kPFlashDensities
                0x00000000       0x1e ./drivers/fsl_flash.o
 .text.FLASH_Init
                0x00000000       0xcc ./drivers/fsl_flash.o
 .text.FLASH_SetCallback
                0x00000000       0x24 ./drivers/fsl_flash.o
 .text.FLASH_PrepareExecuteInRamFunctions
                0x00000000       0x3c ./drivers/fsl_flash.o
 .text.FLASH_EraseAll
                0x00000000       0x60 ./drivers/fsl_flash.o
 .text.FLASH_Erase
                0x00000000       0xf4 ./drivers/fsl_flash.o
 .text.FLASH_EraseAllExecuteOnlySegments
                0x00000000       0x60 ./drivers/fsl_flash.o
 .text.FLASH_Program
                0x00000000      0x100 ./drivers/fsl_flash.o
 .text.FLASH_ProgramOnce
                0x00000000       0x8c ./drivers/fsl_flash.o
 .text.FLASH_ReadResource
                0x00000000      0x110 ./drivers/fsl_flash.o
 .text.FLASH_ReadOnce
                0x00000000       0x80 ./drivers/fsl_flash.o
 .text.FLASH_GetSecurityState
                0x00000000       0x64 ./drivers/fsl_flash.o
 .text.FLASH_SecurityBypass
                0x00000000       0xb4 ./drivers/fsl_flash.o
 .text.FLASH_VerifyEraseAll
                0x00000000       0x40 ./drivers/fsl_flash.o
 .text.FLASH_VerifyErase
                0x00000000      0x10c ./drivers/fsl_flash.o
 .text.FLASH_VerifyProgram
                0x00000000       0xec ./drivers/fsl_flash.o
 .text.FLASH_VerifyEraseAllExecuteOnlySegments
                0x00000000       0x40 ./drivers/fsl_flash.o
 .text.FLASH_IsProtected
                0x00000000      0x288 ./drivers/fsl_flash.o
 .text.FLASH_IsExecuteOnly
                0x00000000       0x42 ./drivers/fsl_flash.o
 .text.FLASH_GetProperty
                0x00000000       0xac ./drivers/fsl_flash.o
 .rodata.FLASH_GetProperty
                0x00000000       0x28 ./drivers/fsl_flash.o
 .text.FLASH_SetProperty
                0x00000000       0x62 ./drivers/fsl_flash.o
 .text.FLASH_PflashSetProtection
                0x00000000       0x3c ./drivers/fsl_flash.o
 .text.FLASH_PflashGetProtection
                0x00000000       0x30 ./drivers/fsl_flash.o
 .text.FLASH_PflashSetPrefetchSpeculation
                0x00000000       0x78 ./drivers/fsl_flash.o
 .text.FLASH_PflashGetPrefetchSpeculation
                0x00000000       0x5c ./drivers/fsl_flash.o
 .text.copy_flash_run_command
                0x00000000       0x30 ./drivers/fsl_flash.o
 .text.flash_command_sequence
                0x00000000       0x78 ./drivers/fsl_flash.o
 .text.copy_flash_common_bit_operation
                0x00000000       0x3c ./drivers/fsl_flash.o
 .text.mcm_flash_cache_clear
                0x00000000       0x2c ./drivers/fsl_flash.o
 .text.flash_cache_clear
                0x00000000       0x1a ./drivers/fsl_flash.o
 .text.flash_cache_clear_process
                0x00000000       0x3a ./drivers/fsl_flash.o
 .text.flash_check_execute_in_ram_function_info
                0x00000000       0x36 ./drivers/fsl_flash.o
 .text.flash_check_range
                0x00000000       0x5c ./drivers/fsl_flash.o
 .text.flash_get_matched_operation_info
                0x00000000       0x76 ./drivers/fsl_flash.o
 .text.flash_check_user_key
                0x00000000       0x24 ./drivers/fsl_flash.o
 .text.flash_check_resource_range
                0x00000000       0x90 ./drivers/fsl_flash.o
 .text.flash_get_protection_info
                0x00000000       0x68 ./drivers/fsl_flash.o
 .debug_info    0x00000000     0x239a ./drivers/fsl_flash.o
 .debug_abbrev  0x00000000      0x35b ./drivers/fsl_flash.o
 .debug_aranges
                0x00000000      0x138 ./drivers/fsl_flash.o
 .debug_ranges  0x00000000      0x128 ./drivers/fsl_flash.o
 .debug_line    0x00000000      0xd82 ./drivers/fsl_flash.o
 .debug_str     0x00000000     0x223a ./drivers/fsl_flash.o
 .comment       0x00000000       0x76 ./drivers/fsl_flash.o
 .debug_frame   0x00000000      0x490 ./drivers/fsl_flash.o
 .ARM.attributes
                0x00000000       0x2c ./drivers/fsl_flash.o
 .text          0x00000000        0x0 ./drivers/fsl_gpio.o
 .data          0x00000000        0x0 ./drivers/fsl_gpio.o
 .bss           0x00000000        0x0 ./drivers/fsl_gpio.o
 .text.GPIO_WritePinOutput
                0x00000000       0x34 ./drivers/fsl_gpio.o
 .rodata.s_portBases
                0x00000000       0x14 ./drivers/fsl_gpio.o
 .rodata.s_gpioBases
                0x00000000       0x14 ./drivers/fsl_gpio.o
 .rodata        0x00000000       0x43 ./drivers/fsl_gpio.o
 .text.GPIO_GetInstance
                0x00000000       0x58 ./drivers/fsl_gpio.o
 .text.GPIO_PinInit
                0x00000000       0x70 ./drivers/fsl_gpio.o
 .text.GPIO_GetPinsInterruptFlags
                0x00000000       0x38 ./drivers/fsl_gpio.o
 .text.GPIO_ClearPinsInterruptFlags
                0x00000000       0x3c ./drivers/fsl_gpio.o
 .rodata.__func__.5341
                0x00000000       0x11 ./drivers/fsl_gpio.o
 .rodata.__func__.5347
                0x00000000        0xd ./drivers/fsl_gpio.o
 .debug_info    0x00000000      0xe2c ./drivers/fsl_gpio.o
 .debug_abbrev  0x00000000      0x299 ./drivers/fsl_gpio.o
 .debug_aranges
                0x00000000       0x40 ./drivers/fsl_gpio.o
 .debug_ranges  0x00000000       0x30 ./drivers/fsl_gpio.o
 .debug_line    0x00000000      0x35e ./drivers/fsl_gpio.o
 .debug_str     0x00000000      0xbd9 ./drivers/fsl_gpio.o
 .comment       0x00000000       0x76 ./drivers/fsl_gpio.o
 .debug_frame   0x00000000       0xb0 ./drivers/fsl_gpio.o
 .ARM.attributes
                0x00000000       0x2c ./drivers/fsl_gpio.o
 .text          0x00000000        0x0 ./drivers/fsl_lpsci.o
 .data          0x00000000        0x0 ./drivers/fsl_lpsci.o
 .bss           0x00000000        0x0 ./drivers/fsl_lpsci.o
 .text.NVIC_EnableIRQ
                0x00000000       0x2c ./drivers/fsl_lpsci.o
 .text.CLOCK_DisableClock
                0x00000000       0x38 ./drivers/fsl_lpsci.o
 .text.EnableIRQ
                0x00000000       0x2c ./drivers/fsl_lpsci.o
 .rodata.s_lpsciBases
                0x00000000        0x4 ./drivers/fsl_lpsci.o
 .rodata.s_lpsciIRQ
                0x00000000        0x1 ./drivers/fsl_lpsci.o
 .rodata.s_lpsciClock
                0x00000000        0x4 ./drivers/fsl_lpsci.o
 .text.LPSCI_TransferGetRxRingBufferLength
                0x00000000       0x6c ./drivers/fsl_lpsci.o
 .text.LPSCI_TransferIsRxRingBufferFull
                0x00000000       0x5c ./drivers/fsl_lpsci.o
 .text.LPSCI_ReadNonBlocking
                0x00000000       0x54 ./drivers/fsl_lpsci.o
 .text.LPSCI_WriteNonBlocking
                0x00000000       0x54 ./drivers/fsl_lpsci.o
 .text.LPSCI_Deinit
                0x00000000       0x34 ./drivers/fsl_lpsci.o
 .text.LPSCI_SetBaudRate
                0x00000000      0x1b8 ./drivers/fsl_lpsci.o
 .text.LPSCI_EnableInterrupts
                0x00000000       0x58 ./drivers/fsl_lpsci.o
 .text.LPSCI_DisableInterrupts
                0x00000000       0x64 ./drivers/fsl_lpsci.o
 .text.LPSCI_GetEnabledInterrupts
                0x00000000       0x38 ./drivers/fsl_lpsci.o
 .text.LPSCI_TransferCreateHandle
                0x00000000       0x90 ./drivers/fsl_lpsci.o
 .text.LPSCI_TransferStartRingBuffer
                0x00000000       0x98 ./drivers/fsl_lpsci.o
 .text.LPSCI_TransferStopRingBuffer
                0x00000000       0x84 ./drivers/fsl_lpsci.o
 .text.LPSCI_TransferSendNonBlocking
                0x00000000       0xd0 ./drivers/fsl_lpsci.o
 .text.LPSCI_TransferAbortSend
                0x00000000       0x50 ./drivers/fsl_lpsci.o
 .text.LPSCI_TransferGetSendCount
                0x00000000       0x70 ./drivers/fsl_lpsci.o
 .text.LPSCI_TransferReceiveNonBlocking
                0x00000000      0x1f8 ./drivers/fsl_lpsci.o
 .text.LPSCI_TransferAbortReceive
                0x00000000       0x78 ./drivers/fsl_lpsci.o
 .text.LPSCI_TransferGetReceiveCount
                0x00000000       0x70 ./drivers/fsl_lpsci.o
 .text.LPSCI_TransferHandleIRQ
                0x00000000      0x394 ./drivers/fsl_lpsci.o
 .text.LPSCI_TransferHandleErrorIRQ
                0x00000000       0x12 ./drivers/fsl_lpsci.o
 .rodata.__func__.5511
                0x00000000       0x24 ./drivers/fsl_lpsci.o
 .rodata.__func__.5516
                0x00000000       0x21 ./drivers/fsl_lpsci.o
 .rodata.__func__.5523
                0x00000000       0x16 ./drivers/fsl_lpsci.o
 .rodata.__func__.5533
                0x00000000       0x17 ./drivers/fsl_lpsci.o
 .rodata.__func__.5570
                0x00000000       0x12 ./drivers/fsl_lpsci.o
 .rodata.__func__.5635
                0x00000000       0x1b ./drivers/fsl_lpsci.o
 .rodata.__func__.5643
                0x00000000       0x1e ./drivers/fsl_lpsci.o
 .rodata.__func__.5648
                0x00000000       0x1d ./drivers/fsl_lpsci.o
 .rodata.__func__.5654
                0x00000000       0x1e ./drivers/fsl_lpsci.o
 .rodata.__func__.5660
                0x00000000       0x18 ./drivers/fsl_lpsci.o
 .rodata.__func__.5666
                0x00000000       0x1b ./drivers/fsl_lpsci.o
 .rodata.__func__.5673
                0x00000000       0x21 ./drivers/fsl_lpsci.o
 .rodata.__func__.5686
                0x00000000       0x1b ./drivers/fsl_lpsci.o
 .rodata.__func__.5692
                0x00000000       0x1e ./drivers/fsl_lpsci.o
 .rodata.__func__.5697
                0x00000000       0x18 ./drivers/fsl_lpsci.o
 .text          0x00000000        0x0 ./drivers/fsl_smc.o
 .data          0x00000000        0x0 ./drivers/fsl_smc.o
 .bss           0x00000000        0x0 ./drivers/fsl_smc.o
 .rodata        0x00000000        0x2 ./drivers/fsl_smc.o
 .text.SMC_PreEnterStopModes
                0x00000000       0x28 ./drivers/fsl_smc.o
 .text.SMC_PostExitStopModes
                0x00000000       0x28 ./drivers/fsl_smc.o
 .text.SMC_SetPowerModeRun
                0x00000000       0x38 ./drivers/fsl_smc.o
 .text.SMC_SetPowerModeWait
                0x00000000       0x2c ./drivers/fsl_smc.o
 .text.SMC_SetPowerModeStop
                0x00000000       0xa0 ./drivers/fsl_smc.o
 .text.SMC_SetPowerModeVlpr
                0x00000000       0x3c ./drivers/fsl_smc.o
 .text.SMC_SetPowerModeVlpw
                0x00000000       0x2c ./drivers/fsl_smc.o
 .text.SMC_SetPowerModeVlps
                0x00000000       0x70 ./drivers/fsl_smc.o
 .text.SMC_SetPowerModeLls
                0x00000000       0x70 ./drivers/fsl_smc.o
 .text.SMC_SetPowerModeVlls
                0x00000000       0xd0 ./drivers/fsl_smc.o
 .debug_info    0x00000000      0xffd ./drivers/fsl_smc.o
 .debug_abbrev  0x00000000      0x2fa ./drivers/fsl_smc.o
 .debug_aranges
                0x00000000       0x68 ./drivers/fsl_smc.o
 .debug_ranges  0x00000000       0x58 ./drivers/fsl_smc.o
 .debug_line    0x00000000      0x4c6 ./drivers/fsl_smc.o
 .debug_str     0x00000000      0xaaf ./drivers/fsl_smc.o
 .comment       0x00000000       0x76 ./drivers/fsl_smc.o
 .debug_frame   0x00000000      0x150 ./drivers/fsl_smc.o
 .ARM.attributes
                0x00000000       0x2c ./drivers/fsl_smc.o
 .text          0x00000000        0x0 ./drivers/fsl_uart.o
 .data          0x00000000        0x0 ./drivers/fsl_uart.o
 .bss           0x00000000        0x0 ./drivers/fsl_uart.o
 .text.NVIC_EnableIRQ
                0x00000000       0x2c ./drivers/fsl_uart.o
 .text.CLOCK_DisableClock
                0x00000000       0x38 ./drivers/fsl_uart.o
 .text.EnableIRQ
                0x00000000       0x2c ./drivers/fsl_uart.o
 .rodata.s_uartIRQ
                0x00000000        0x3 ./drivers/fsl_uart.o
 .text.UART_TransferGetRxRingBufferLength
                0x00000000       0x6c ./drivers/fsl_uart.o
 .text.UART_TransferIsRxRingBufferFull
                0x00000000       0x5c ./drivers/fsl_uart.o
 .text.UART_Deinit
                0x00000000       0x40 ./drivers/fsl_uart.o
 .text.UART_SetBaudRate
                0x00000000      0x130 ./drivers/fsl_uart.o
 .text.UART_EnableInterrupts
                0x00000000       0x58 ./drivers/fsl_uart.o
 .text.UART_DisableInterrupts
                0x00000000       0x64 ./drivers/fsl_uart.o
 .text.UART_GetEnabledInterrupts
                0x00000000       0x38 ./drivers/fsl_uart.o
 .text.UART_ClearStatusFlags
                0x00000000       0x7c ./drivers/fsl_uart.o
 .text.UART_WriteNonBlocking
                0x00000000       0x58 ./drivers/fsl_uart.o
 .text.UART_ReadNonBlocking
                0x00000000       0x58 ./drivers/fsl_uart.o
 .text.UART_TransferCreateHandle
                0x00000000       0x9c ./drivers/fsl_uart.o
 .text.UART_TransferStartRingBuffer
                0x00000000       0x98 ./drivers/fsl_uart.o
 .text.UART_TransferStopRingBuffer
                0x00000000       0x84 ./drivers/fsl_uart.o
 .text.UART_TransferSendNonBlocking
                0x00000000       0xd0 ./drivers/fsl_uart.o
 .text.UART_TransferAbortSend
                0x00000000       0x50 ./drivers/fsl_uart.o
 .text.UART_TransferGetSendCount
                0x00000000       0x70 ./drivers/fsl_uart.o
 .text.UART_TransferReceiveNonBlocking
                0x00000000      0x1f8 ./drivers/fsl_uart.o
 .text.UART_TransferAbortReceive
                0x00000000       0x78 ./drivers/fsl_uart.o
 .text.UART_TransferGetReceiveCount
                0x00000000       0x7c ./drivers/fsl_uart.o
 .text.UART_TransferHandleIRQ
                0x00000000      0x3a8 ./drivers/fsl_uart.o
 .text.UART_TransferHandleErrorIRQ
                0x00000000       0x12 ./drivers/fsl_uart.o
 .text.UART1_RX_TX_DriverIRQHandler
                0x00000000        0xe ./drivers/fsl_uart.o
 .text.UART2_RX_TX_DriverIRQHandler
                0x00000000        0xe ./drivers/fsl_uart.o
 .rodata.__func__.5514
                0x00000000       0x23 ./drivers/fsl_uart.o
 .rodata.__func__.5519
                0x00000000       0x20 ./drivers/fsl_uart.o
 .rodata.__func__.5545
                0x00000000       0x11 ./drivers/fsl_uart.o
 .rodata.__func__.5587
                0x00000000       0x16 ./drivers/fsl_uart.o
 .rodata.__func__.5610
                0x00000000       0x15 ./drivers/fsl_uart.o
 .rodata.__func__.5621
                0x00000000       0x1a ./drivers/fsl_uart.o
 .rodata.__func__.5629
                0x00000000       0x1d ./drivers/fsl_uart.o
 .rodata.__func__.5634
                0x00000000       0x1c ./drivers/fsl_uart.o
 .rodata.__func__.5640
                0x00000000       0x1d ./drivers/fsl_uart.o
 .rodata.__func__.5646
                0x00000000       0x17 ./drivers/fsl_uart.o
 .rodata.__func__.5652
                0x00000000       0x1a ./drivers/fsl_uart.o
 .rodata.__func__.5659
                0x00000000       0x20 ./drivers/fsl_uart.o
 .rodata.__func__.5672
                0x00000000       0x1a ./drivers/fsl_uart.o
 .rodata.__func__.5678
                0x00000000       0x1d ./drivers/fsl_uart.o
 .rodata.__func__.5683
                0x00000000       0x17 ./drivers/fsl_uart.o
 .text          0x00000000        0x0 ./board/board.o
 .data          0x00000000        0x0 ./board/board.o
 .bss           0x00000000        0x0 ./board/board.o
 .text          0x00000000        0x0 ./board/clock_config.o
 .data          0x00000000        0x0 ./board/clock_config.o
 .bss           0x00000000        0x0 ./board/clock_config.o
 .text.SMC_SetPowerModeProtection
                0x00000000       0x1e ./board/clock_config.o
 .text.SMC_GetPowerModeState
                0x00000000       0x16 ./board/clock_config.o
 .rodata.mcgConfig_BOARD_BootClockVLPR
                0x00000000        0xa ./board/clock_config.o
 .rodata.simConfig_BOARD_BootClockVLPR
                0x00000000        0x8 ./board/clock_config.o
 .rodata.oscConfig_BOARD_BootClockVLPR
                0x00000000        0x8 ./board/clock_config.o
 .text.BOARD_BootClockVLPR
                0x00000000       0x5c ./board/clock_config.o
 .text          0x00000000        0x0 ./board/peripherals.o
 .data          0x00000000        0x0 ./board/peripherals.o
 .bss           0x00000000        0x0 ./board/peripherals.o
 .text          0x00000000        0x0 ./board/pin_mux.o
 .data          0x00000000        0x0 ./board/pin_mux.o
 .bss           0x00000000        0x0 ./board/pin_mux.o
 .text          0x00000000        0x0 c:/nxp/mcuxpressoide_11.0.1_2563/ide/plugins/com.nxp.mcuxpresso.tools.win32_11.0.1.201907311258/tools/bin/../lib/gcc/arm-none-eabi/8.2.1/../../../../arm-none-eabi/lib/thumb/v6-m/nofp\libcr_c.a(memcpy.o)
 .data          0x00000000        0x0 c:/nxp/mcuxpressoide_11.0.1_2563/ide/plugins/com.nxp.mcuxpresso.tools.win32_11.0.1.201907311258/tools/bin/../lib/gcc/arm-none-eabi/8.2.1/../../../../arm-none-eabi/lib/thumb/v6-m/nofp\libcr_c.a(memcpy.o)
 .bss           0x00000000        0x0 c:/nxp/mcuxpressoide_11.0.1_2563/ide/plugins/com.nxp.mcuxpresso.tools.win32_11.0.1.201907311258/tools/bin/../lib/gcc/arm-none-eabi/8.2.1/../../../../arm-none-eabi/lib/thumb/v6-m/nofp\libcr_c.a(memcpy.o)
 .text          0x00000000        0x0 c:/nxp/mcuxpressoide_11.0.1_2563/ide/plugins/com.nxp.mcuxpresso.tools.win32_11.0.1.201907311258/tools/bin/../lib/gcc/arm-none-eabi/8.2.1/../../../../arm-none-eabi/lib/thumb/v6-m/nofp\libcr_c.a(memset.o)
 .data          0x00000000        0x0 c:/nxp/mcuxpressoide_11.0.1_2563/ide/plugins/com.nxp.mcuxpresso.tools.win32_11.0.1.201907311258/tools/bin/../lib/gcc/arm-none-eabi/8.2.1/../../../../arm-none-eabi/lib/thumb/v6-m/nofp\libcr_c.a(memset.o)
 .bss           0x00000000        0x0 c:/nxp/mcuxpressoide_11.0.1_2563/ide/plugins/com.nxp.mcuxpresso.tools.win32_11.0.1.201907311258/tools/bin/../lib/gcc/arm-none-eabi/8.2.1/../../../../arm-none-eabi/lib/thumb/v6-m/nofp\libcr_c.a(memset.o)
 .text.memset   0x00000000        0x8 c:/nxp/mcuxpressoide_11.0.1_2563/ide/plugins/com.nxp.mcuxpresso.tools.win32_11.0.1.201907311258/tools/bin/../lib/gcc/arm-none-eabi/8.2.1/../../../../arm-none-eabi/lib/thumb/v6-m/nofp\libcr_c.a(memset.o)
 .comment       0x00000000       0x76 c:/nxp/mcuxpressoide_11.0.1_2563/ide/plugins/com.nxp.mcuxpresso.tools.win32_11.0.1.201907311258/tools/bin/../lib/gcc/arm-none-eabi/8.2.1/../../../../arm-none-eabi/lib/thumb/v6-m/nofp\libcr_c.a(memset.o)
 .ARM.attributes
                0x00000000       0x2c c:/nxp/mcuxpressoide_11.0.1_2563/ide/plugins/com.nxp.mcuxpresso.tools.win32_11.0.1.201907311258/tools/bin/../lib/gcc/arm-none-eabi/8.2.1/../../../../arm-none-eabi/lib/thumb/v6-m/nofp\libcr_c.a(memset.o)
 .text          0x00000000        0x0 c:/nxp/mcuxpressoide_11.0.1_2563/ide/plugins/com.nxp.mcuxpresso.tools.win32_11.0.1.201907311258/tools/bin/../lib/gcc/arm-none-eabi/8.2.1/../../../../arm-none-eabi/lib/thumb/v6-m/nofp\libcr_c.a(alloc.o)
 .data          0x00000000        0x0 c:/nxp/mcuxpressoide_11.0.1_2563/ide/plugins/com.nxp.mcuxpresso.tools.win32_11.0.1.201907311258/tools/bin/../lib/gcc/arm-none-eabi/8.2.1/../../../../arm-none-eabi/lib/thumb/v6-m/nofp\libcr_c.a(alloc.o)
 .bss           0x00000000        0x0 c:/nxp/mcuxpressoide_11.0.1_2563/ide/plugins/com.nxp.mcuxpresso.tools.win32_11.0.1.201907311258/tools/bin/../lib/gcc/arm-none-eabi/8.2.1/../../../../arm-none-eabi/lib/thumb/v6-m/nofp\libcr_c.a(alloc.o)
 .text.calloc   0x00000000       0x50 c:/nxp/mcuxpressoide_11.0.1_2563/ide/plugins/com.nxp.mcuxpresso.tools.win32_11.0.1.201907311258/tools/bin/../lib/gcc/arm-none-eabi/8.2.1/../../../../arm-none-eabi/lib/thumb/v6-m/nofp\libcr_c.a(alloc.o)
 .text._Csys_alloc
                0x00000000       0x20 c:/nxp/mcuxpressoide_11.0.1_2563/ide/plugins/com.nxp.mcuxpresso.tools.win32_11.0.1.201907311258/tools/bin/../lib/gcc/arm-none-eabi/8.2.1/../../../../arm-none-eabi/lib/thumb/v6-m/nofp\libcr_c.a(alloc.o)
 .text.realloc  0x00000000       0x26 c:/nxp/mcuxpressoide_11.0.1_2563/ide/plugins/com.nxp.mcuxpresso.tools.win32_11.0.1.201907311258/tools/bin/../lib/gcc/arm-none-eabi/8.2.1/../../../../arm-none-eabi/lib/thumb/v6-m/nofp\libcr_c.a(alloc.o)
 .rodata._Csys_alloc.str1.1
                0x00000000       0x18 c:/nxp/mcuxpressoide_11.0.1_2563/ide/plugins/com.nxp.mcuxpresso.tools.win32_11.0.1.201907311258/tools/bin/../lib/gcc/arm-none-eabi/8.2.1/../../../../arm-none-eabi/lib/thumb/v6-m/nofp\libcr_c.a(alloc.o)
 .text          0x00000000        0x0 c:/nxp/mcuxpressoide_11.0.1_2563/ide/plugins/com.nxp.mcuxpresso.tools.win32_11.0.1.201907311258/tools/bin/../lib/gcc/arm-none-eabi/8.2.1/../../../../arm-none-eabi/lib/thumb/v6-m/nofp\libcr_c.a(strlen.o)
 .data          0x00000000        0x0 c:/nxp/mcuxpressoide_11.0.1_2563/ide/plugins/com.nxp.mcuxpresso.tools.win32_11.0.1.201907311258/tools/bin/../lib/gcc/arm-none-eabi/8.2.1/../../../../arm-none-eabi/lib/thumb/v6-m/nofp\libcr_c.a(strlen.o)
 .bss           0x00000000        0x0 c:/nxp/mcuxpressoide_11.0.1_2563/ide/plugins/com.nxp.mcuxpresso.tools.win32_11.0.1.201907311258/tools/bin/../lib/gcc/arm-none-eabi/8.2.1/../../../../arm-none-eabi/lib/thumb/v6-m/nofp\libcr_c.a(strlen.o)
 .text          0x00000000        0x0 c:/nxp/mcuxpressoide_11.0.1_2563/ide/plugins/com.nxp.mcuxpresso.tools.win32_11.0.1.201907311258/tools/bin/../lib/gcc/arm-none-eabi/8.2.1/../../../../arm-none-eabi/lib/thumb/v6-m/nofp\libcr_c.a(__init_alloc.o)
 .data          0x00000000        0x0 c:/nxp/mcuxpressoide_11.0.1_2563/ide/plugins/com.nxp.mcuxpresso.tools.win32_11.0.1.201907311258/tools/bin/../lib/gcc/arm-none-eabi/8.2.1/../../../../arm-none-eabi/lib/thumb/v6-m/nofp\libcr_c.a(__init_alloc.o)
 .bss           0x00000000        0x0 c:/nxp/mcuxpressoide_11.0.1_2563/ide/plugins/com.nxp.mcuxpresso.tools.win32_11.0.1.201907311258/tools/bin/../lib/gcc/arm-none-eabi/8.2.1/../../../../arm-none-eabi/lib/thumb/v6-m/nofp\libcr_c.a(__init_alloc.o)
 .text._init_alloc
                0x00000000       0x14 c:/nxp/mcuxpressoide_11.0.1_2563/ide/plugins/com.nxp.mcuxpresso.tools.win32_11.0.1.201907311258/tools/bin/../lib/gcc/arm-none-eabi/8.2.1/../../../../arm-none-eabi/lib/thumb/v6-m/nofp\libcr_c.a(__init_alloc.o)
 .text          0x00000000        0x0 c:/nxp/mcuxpressoide_11.0.1_2563/ide/plugins/com.nxp.mcuxpresso.tools.win32_11.0.1.201907311258/tools/bin/../lib/gcc/arm-none-eabi/8.2.1/../../../../arm-none-eabi/lib/thumb/v6-m/nofp\libcr_c.a(_cr_sbrk.o)
 .data          0x00000000        0x0 c:/nxp/mcuxpressoide_11.0.1_2563/ide/plugins/com.nxp.mcuxpresso.tools.win32_11.0.1.201907311258/tools/bin/../lib/gcc/arm-none-eabi/8.2.1/../../../../arm-none-eabi/lib/thumb/v6-m/nofp\libcr_c.a(_cr_sbrk.o)
 .bss           0x00000000        0x0 c:/nxp/mcuxpressoide_11.0.1_2563/ide/plugins/com.nxp.mcuxpresso.tools.win32_11.0.1.201907311258/tools/bin/../lib/gcc/arm-none-eabi/8.2.1/../../../../arm-none-eabi/lib/thumb/v6-m/nofp\libcr_c.a(_cr_sbrk.o)
 .text          0x00000000        0x0 c:/nxp/mcuxpressoide_11.0.1_2563/ide/plugins/com.nxp.mcuxpresso.tools.win32_11.0.1.201907311258/tools/bin/../lib/gcc/arm-none-eabi/8.2.1/../../../../arm-none-eabi/lib/thumb/v6-m/nofp\libcr_c.a(errno.o)
 .data          0x00000000        0x0 c:/nxp/mcuxpressoide_11.0.1_2563/ide/plugins/com.nxp.mcuxpresso.tools.win32_11.0.1.201907311258/tools/bin/../lib/gcc/arm-none-eabi/8.2.1/../../../../arm-none-eabi/lib/thumb/v6-m/nofp\libcr_c.a(errno.o)
 .bss           0x00000000        0x0 c:/nxp/mcuxpressoide_11.0.1_2563/ide/plugins/com.nxp.mcuxpresso.tools.win32_11.0.1.201907311258/tools/bin/../lib/gcc/arm-none-eabi/8.2.1/../../../../arm-none-eabi/lib/thumb/v6-m/nofp\libcr_c.a(errno.o)
 .text          0x00000000        0x0 c:/nxp/mcuxpressoide_11.0.1_2563/ide/plugins/com.nxp.mcuxpresso.tools.win32_11.0.1.201907311258/tools/bin/../lib/gcc/arm-none-eabi/8.2.1/../../../../arm-none-eabi/lib/thumb/v6-m/nofp\libcr_c.a(_cr_check_heap.o)
 .data          0x00000000        0x0 c:/nxp/mcuxpressoide_11.0.1_2563/ide/plugins/com.nxp.mcuxpresso.tools.win32_11.0.1.201907311258/tools/bin/../lib/gcc/arm-none-eabi/8.2.1/../../../../arm-none-eabi/lib/thumb/v6-m/nofp\libcr_c.a(_cr_check_heap.o)
 .bss           0x00000000        0x0 c:/nxp/mcuxpressoide_11.0.1_2563/ide/plugins/com.nxp.mcuxpresso.tools.win32_11.0.1.201907311258/tools/bin/../lib/gcc/arm-none-eabi/8.2.1/../../../../arm-none-eabi/lib/thumb/v6-m/nofp\libcr_c.a(_cr_check_heap.o)
 .text          0x00000000        0x0 c:/nxp/mcuxpressoide_11.0.1_2563/ide/plugins/com.nxp.mcuxpresso.tools.win32_11.0.1.201907311258/tools/bin/../lib/gcc/arm-none-eabi/8.2.1/thumb/v6-m/nofp\libcr_eabihelpers.a(division_32.o)
 .data          0x00000000        0x0 c:/nxp/mcuxpressoide_11.0.1_2563/ide/plugins/com.nxp.mcuxpresso.tools.win32_11.0.1.201907311258/tools/bin/../lib/gcc/arm-none-eabi/8.2.1/thumb/v6-m/nofp\libcr_eabihelpers.a(division_32.o)
 .bss           0x00000000        0x0 c:/nxp/mcuxpressoide_11.0.1_2563/ide/plugins/com.nxp.mcuxpresso.tools.win32_11.0.1.201907311258/tools/bin/../lib/gcc/arm-none-eabi/8.2.1/thumb/v6-m/nofp\libcr_eabihelpers.a(division_32.o)
 .text          0x00000000        0x0 c:/nxp/mcuxpressoide_11.0.1_2563/ide/plugins/com.nxp.mcuxpresso.tools.win32_11.0.1.201907311258/tools/bin/../lib/gcc/arm-none-eabi/8.2.1/thumb/v6-m/nofp\libcr_eabihelpers.a(division_idiv0.o)
 .data          0x00000000        0x0 c:/nxp/mcuxpressoide_11.0.1_2563/ide/plugins/com.nxp.mcuxpresso.tools.win32_11.0.1.201907311258/tools/bin/../lib/gcc/arm-none-eabi/8.2.1/thumb/v6-m/nofp\libcr_eabihelpers.a(division_idiv0.o)
 .bss           0x00000000        0x0 c:/nxp/mcuxpressoide_11.0.1_2563/ide/plugins/com.nxp.mcuxpresso.tools.win32_11.0.1.201907311258/tools/bin/../lib/gcc/arm-none-eabi/8.2.1/thumb/v6-m/nofp\libcr_eabihelpers.a(division_idiv0.o)
 .text          0x00000000        0x0 c:/nxp/mcuxpressoide_11.0.1_2563/ide/plugins/com.nxp.mcuxpresso.tools.win32_11.0.1.201907311258/tools/bin/../lib/gcc/arm-none-eabi/8.2.1/thumb/v6-m/nofp\libcr_eabihelpers.a(memcpy.o)
 .data          0x00000000        0x0 c:/nxp/mcuxpressoide_11.0.1_2563/ide/plugins/com.nxp.mcuxpresso.tools.win32_11.0.1.201907311258/tools/bin/../lib/gcc/arm-none-eabi/8.2.1/thumb/v6-m/nofp\libcr_eabihelpers.a(memcpy.o)
 .bss           0x00000000        0x0 c:/nxp/mcuxpressoide_11.0.1_2563/ide/plugins/com.nxp.mcuxpresso.tools.win32_11.0.1.201907311258/tools/bin/../lib/gcc/arm-none-eabi/8.2.1/thumb/v6-m/nofp\libcr_eabihelpers.a(memcpy.o)
 .text.__aeabi_memmove
                0x00000000       0x1c c:/nxp/mcuxpressoide_11.0.1_2563/ide/plugins/com.nxp.mcuxpresso.tools.win32_11.0.1.201907311258/tools/bin/../lib/gcc/arm-none-eabi/8.2.1/thumb/v6-m/nofp\libcr_eabihelpers.a(memcpy.o)
 .text.__aeabi_memset_lowlevel
                0x00000000       0x2a c:/nxp/mcuxpressoide_11.0.1_2563/ide/plugins/com.nxp.mcuxpresso.tools.win32_11.0.1.201907311258/tools/bin/../lib/gcc/arm-none-eabi/8.2.1/thumb/v6-m/nofp\libcr_eabihelpers.a(memcpy.o)
 .text.__aeabi_memclr
                0x00000000        0x6 c:/nxp/mcuxpressoide_11.0.1_2563/ide/plugins/com.nxp.mcuxpresso.tools.win32_11.0.1.201907311258/tools/bin/../lib/gcc/arm-none-eabi/8.2.1/thumb/v6-m/nofp\libcr_eabihelpers.a(memcpy.o)
 .text.__aeabi_memset
                0x00000000        0x8 c:/nxp/mcuxpressoide_11.0.1_2563/ide/plugins/com.nxp.mcuxpresso.tools.win32_11.0.1.201907311258/tools/bin/../lib/gcc/arm-none-eabi/8.2.1/thumb/v6-m/nofp\libcr_eabihelpers.a(memcpy.o)
 .text          0x00000000        0x0 c:/nxp/mcuxpressoide_11.0.1_2563/ide/plugins/com.nxp.mcuxpresso.tools.win32_11.0.1.201907311258/tools/bin/../lib/gcc/arm-none-eabi/8.2.1/../../../../arm-none-eabi/lib/thumb/v6-m/nofp\libcr_nohost_nf.a(__sys_appexit.o)
 .data          0x00000000        0x0 c:/nxp/mcuxpressoide_11.0.1_2563/ide/plugins/com.nxp.mcuxpresso.tools.win32_11.0.1.201907311258/tools/bin/../lib/gcc/arm-none-eabi/8.2.1/../../../../arm-none-eabi/lib/thumb/v6-m/nofp\libcr_nohost_nf.a(__sys_appexit.o)
 .bss           0x00000000        0x0 c:/nxp/mcuxpressoide_11.0.1_2563/ide/plugins/com.nxp.mcuxpresso.tools.win32_11.0.1.201907311258/tools/bin/../lib/gcc/arm-none-eabi/8.2.1/../../../../arm-none-eabi/lib/thumb/v6-m/nofp\libcr_nohost_nf.a(__sys_appexit.o)
 .text.__sys_appexit
                0x00000000        0x2 c:/nxp/mcuxpressoide_11.0.1_2563/ide/plugins/com.nxp.mcuxpresso.tools.win32_11.0.1.201907311258/tools/bin/../lib/gcc/arm-none-eabi/8.2.1/../../../../arm-none-eabi/lib/thumb/v6-m/nofp\libcr_nohost_nf.a(__sys_appexit.o)
 .comment       0x00000000       0x76 c:/nxp/mcuxpressoide_11.0.1_2563/ide/plugins/com.nxp.mcuxpresso.tools.win32_11.0.1.201907311258/tools/bin/../lib/gcc/arm-none-eabi/8.2.1/../../../../arm-none-eabi/lib/thumb/v6-m/nofp\libcr_nohost_nf.a(__sys_appexit.o)
 .ARM.attributes
                0x00000000       0x2c c:/nxp/mcuxpressoide_11.0.1_2563/ide/plugins/com.nxp.mcuxpresso.tools.win32_11.0.1.201907311258/tools/bin/../lib/gcc/arm-none-eabi/8.2.1/../../../../arm-none-eabi/lib/thumb/v6-m/nofp\libcr_nohost_nf.a(__sys_appexit.o)
 .text          0x00000000        0x0 c:/nxp/mcuxpressoide_11.0.1_2563/ide/plugins/com.nxp.mcuxpresso.tools.win32_11.0.1.201907311258/tools/bin/../lib/gcc/arm-none-eabi/8.2.1/../../../../arm-none-eabi/lib/thumb/v6-m/nofp\libcr_nohost_nf.a(__sys_write.o)
 .data          0x00000000        0x0 c:/nxp/mcuxpressoide_11.0.1_2563/ide/plugins/com.nxp.mcuxpresso.tools.win32_11.0.1.201907311258/tools/bin/../lib/gcc/arm-none-eabi/8.2.1/../../../../arm-none-eabi/lib/thumb/v6-m/nofp\libcr_nohost_nf.a(__sys_write.o)
 .bss           0x00000000        0x0 c:/nxp/mcuxpressoide_11.0.1_2563/ide/plugins/com.nxp.mcuxpresso.tools.win32_11.0.1.201907311258/tools/bin/../lib/gcc/arm-none-eabi/8.2.1/../../../../arm-none-eabi/lib/thumb/v6-m/nofp\libcr_nohost_nf.a(__sys_write.o)
 .text.__sys_write
                0x00000000        0x4 c:/nxp/mcuxpressoide_11.0.1_2563/ide/plugins/com.nxp.mcuxpresso.tools.win32_11.0.1.201907311258/tools/bin/../lib/gcc/arm-none-eabi/8.2.1/../../../../arm-none-eabi/lib/thumb/v6-m/nofp\libcr_nohost_nf.a(__sys_write.o)
 .comment       0x00000000       0x76 c:/nxp/mcuxpressoide_11.0.1_2563/ide/plugins/com.nxp.mcuxpresso.tools.win32_11.0.1.201907311258/tools/bin/../lib/gcc/arm-none-eabi/8.2.1/../../../../arm-none-eabi/lib/thumb/v6-m/nofp\libcr_nohost_nf.a(__sys_write.o)
 .ARM.attributes
                0x00000000       0x2c c:/nxp/mcuxpressoide_11.0.1_2563/ide/plugins/com.nxp.mcuxpresso.tools.win32_11.0.1.201907311258/tools/bin/../lib/gcc/arm-none-eabi/8.2.1/../../../../arm-none-eabi/lib/thumb/v6-m/nofp\libcr_nohost_nf.a(__sys_write.o)

Memory Configuration

Name             Origin             Length             Attributes
PROGRAM_FLASH    0x00000000         0x00020000         xr
SRAM             0x1ffff000         0x00004000         xrw
*default*        0x00000000         0xffffffff

Linker script and memory map

LOAD ./source/main.o
LOAD ./source/led_control.o
LOAD ./source/logger.o
LOAD ./source/memory_test.o
LOAD ./source/pattern_generator.o
LOAD ./source/mtb.o
LOAD ./source/semihost_hardfault.o
LOAD ./startup/startup_mkl25z4.o
LOAD ./CMSIS/system_MKL25Z4.o
LOAD ./utilities/fsl_debug_console.o
LOAD ./drivers/fsl_clock.o
LOAD ./drivers/fsl_common.o
LOAD ./drivers/fsl_flash.o
LOAD ./drivers/fsl_gpio.o
LOAD ./drivers/fsl_lpsci.o
LOAD ./drivers/fsl_smc.o
LOAD ./drivers/fsl_uart.o
LOAD ./board/board.o
LOAD ./board/clock_config.o
LOAD ./board/peripherals.o
LOAD ./board/pin_mux.o
START GROUP
LOAD c:/nxp/mcuxpressoide_11.0.1_2563/ide/plugins/com.nxp.mcuxpresso.tools.win32_11.0.1.201907311258/tools/bin/../lib/gcc/arm-none-eabi/8.2.1/../../../../arm-none-eabi/lib/thumb/v6-m/nofp\libcr_nohost_nf.a
LOAD c:/nxp/mcuxpressoide_11.0.1_2563/ide/plugins/com.nxp.mcuxpresso.tools.win32_11.0.1.201907311258/tools/bin/../lib/gcc/arm-none-eabi/8.2.1/../../../../arm-none-eabi/lib/thumb/v6-m/nofp\libcr_c.a
LOAD c:/nxp/mcuxpressoide_11.0.1_2563/ide/plugins/com.nxp.mcuxpresso.tools.win32_11.0.1.201907311258/tools/bin/../lib/gcc/arm-none-eabi/8.2.1/thumb/v6-m/nofp\libcr_eabihelpers.a
LOAD c:/nxp/mcuxpressoide_11.0.1_2563/ide/plugins/com.nxp.mcuxpresso.tools.win32_11.0.1.201907311258/tools/bin/../lib/gcc/arm-none-eabi/8.2.1/thumb/v6-m/nofp\libgcc.a
END GROUP
                0x00000000                __base_PROGRAM_FLASH = 0x0
                0x00000000                __base_Flash = 0x0
                0x00020000                __top_PROGRAM_FLASH = 0x20000
                0x00020000                __top_Flash = 0x20000
                0x1ffff000                __base_SRAM = 0x1ffff000
                0x1ffff000                __base_RAM = 0x1ffff000
                0x20003000                __top_SRAM = 0x20003000
                0x20003000                __top_RAM = 0x20003000

.text           0x00000000     0x2fe0
 FILL mask 0xff
                0x00000000                __vectors_start__ = ABSOLUTE (.)
 *(.isr_vector)
 .isr_vector    0x00000000       0xc0 ./startup/startup_mkl25z4.o
                0x00000000                g_pfnVectors
                0x00000000                __Vectors
                0x000000c0                . = ALIGN (0x4)
                0x000000c0                __section_table_start = .
                0x000000c0                __data_section_table = .
                0x000000c0        0x4 LONG 0x2fe0 LOADADDR (.data)
                0x000000c4        0x4 LONG 0x1ffff080 ADDR (.data)
                0x000000c8        0x4 LONG 0x8 SIZEOF (.data)
                0x000000cc                __data_section_table_end = .
                0x000000cc                __bss_section_table = .
                0x000000cc        0x4 LONG 0x1ffff088 ADDR (.bss)
                0x000000d0        0x4 LONG 0x48 SIZEOF (.bss)
                0x000000d4                __bss_section_table_end = .
                0x000000d4                __section_table_end = .
 *(.after_vectors*)
 .after_vectors.init_data
                0x000000d4       0x12 ./startup/startup_mkl25z4.o
                0x000000d4                data_init
 .after_vectors.init_bss
                0x000000e6       0x10 ./startup/startup_mkl25z4.o
                0x000000e6                bss_init
 *fill*         0x000000f6        0x2 ff
 .after_vectors.reset
                0x000000f8       0x4c ./startup/startup_mkl25z4.o
                0x000000f8                ResetISR
 .after_vectors
                0x00000144      0x10c ./startup/startup_mkl25z4.o
                0x00000144                NMI_Handler
                0x00000148                SVC_Handler
                0x0000014a                PendSV_Handler
                0x0000014c                SysTick_Handler
                0x0000014e                LPTMR0_DriverIRQHandler
                0x0000014e                Reserved39_DriverIRQHandler
                0x0000014e                DMA0_DriverIRQHandler
                0x0000014e                SPI1_DriverIRQHandler
                0x0000014e                I2C0_DriverIRQHandler
                0x0000014e                PORTD_DriverIRQHandler
                0x0000014e                DMA2_DriverIRQHandler
                0x0000014e                CMP0_DriverIRQHandler
                0x0000014e                TPM2_DriverIRQHandler
                0x0000014e                ADC0_DriverIRQHandler
                0x0000014e                SPI0_DriverIRQHandler
                0x0000014e                TSI0_DriverIRQHandler
                0x0000014e                RTC_Seconds_DriverIRQHandler
                0x0000014e                I2C1_DriverIRQHandler
                0x0000014e                DMA1_DriverIRQHandler
                0x0000014e                LLWU_DriverIRQHandler
                0x0000014e                MCG_DriverIRQHandler
                0x0000014e                PIT_DriverIRQHandler
                0x0000014e                RTC_DriverIRQHandler
                0x0000014e                TPM1_DriverIRQHandler
                0x0000014e                FTFA_DriverIRQHandler
                0x0000014e                IntDefaultHandler
                0x0000014e                USB0_DriverIRQHandler
                0x0000014e                DAC0_DriverIRQHandler
                0x0000014e                PORTA_DriverIRQHandler
                0x0000014e                LVD_LVW_DriverIRQHandler
                0x0000014e                TPM0_DriverIRQHandler
                0x0000014e                Reserved45_DriverIRQHandler
                0x0000014e                DMA3_DriverIRQHandler
                0x0000014e                Reserved20_DriverIRQHandler
                0x00000150                DMA0_IRQHandler
                0x00000158                DMA1_IRQHandler
                0x00000160                DMA2_IRQHandler
                0x00000168                DMA3_IRQHandler
                0x00000170                Reserved20_IRQHandler
                0x00000178                FTFA_IRQHandler
                0x00000180                LVD_LVW_IRQHandler
                0x00000188                LLWU_IRQHandler
                0x00000190                I2C0_IRQHandler
                0x00000198                I2C1_IRQHandler
                0x000001a0                SPI0_IRQHandler
                0x000001a8                SPI1_IRQHandler
                0x000001b0                UART0_IRQHandler
                0x000001b8                UART1_IRQHandler
                0x000001c0                UART2_IRQHandler
                0x000001c8                ADC0_IRQHandler
                0x000001d0                CMP0_IRQHandler
                0x000001d8                TPM0_IRQHandler
                0x000001e0                TPM1_IRQHandler
                0x000001e8                TPM2_IRQHandler
                0x000001f0                RTC_IRQHandler
                0x000001f8                RTC_Seconds_IRQHandler
                0x00000200                PIT_IRQHandler
                0x00000208                Reserved39_IRQHandler
                0x00000210                USB0_IRQHandler
                0x00000218                DAC0_IRQHandler
                0x00000220                TSI0_IRQHandler
                0x00000228                MCG_IRQHandler
                0x00000230                LPTMR0_IRQHandler
                0x00000238                Reserved45_IRQHandler
                0x00000240                PORTA_IRQHandler
                0x00000248                PORTD_IRQHandler
                0x00000400                . = 0x400
 *fill*         0x00000250      0x1b0 ff
                0x00000400                PROVIDE (__FLASH_CONFIG_START__ = .)
 *(.FlashConfig)
 .FlashConfig   0x00000400       0x10 ./startup/startup_mkl25z4.o
                0x00000400                Flash_Config
                0x00000410                PROVIDE (__FLASH_CONFIG_END__ = .)
                0x00000001                ASSERT (! ((__FLASH_CONFIG_START__ == __FLASH_CONFIG_END__)), Linker Flash Config Support Enabled, but no .FlashConfig section provided within application)
 *(.text*)
 .text.main     0x00000410      0x500 ./source/main.o
                0x00000410                main
 .text.GPIO_WritePinOutput
                0x00000910       0x34 ./source/led_control.o
 .text.GPIO_SetPinsOutput
                0x00000944       0x18 ./source/led_control.o
 .text.GPIO_ClearPinsOutput
                0x0000095c       0x18 ./source/led_control.o
 .text.initializeLEDs
                0x00000974       0x60 ./source/led_control.o
                0x00000974                initializeLEDs
 .text.toggleLED
                0x000009d4       0xd4 ./source/led_control.o
                0x000009d4                toggleLED
 .text.log_enable
                0x00000aa8       0x14 ./source/logger.o
                0x00000aa8                log_enable
 .text.log_data
                0x00000abc       0x70 ./source/logger.o
                0x00000abc                log_data
 .text.log_string
                0x00000b2c       0x38 ./source/logger.o
                0x00000b2c                log_string
 .text.allocate_words
                0x00000b64       0x1e ./source/memory_test.o
                0x00000b64                allocate_words
 *fill*         0x00000b82        0x2 ff
 .text.free_words
                0x00000b84       0x2c ./source/memory_test.o
                0x00000b84                free_words
 .text.display_memory
                0x00000bb0       0x2c ./source/memory_test.o
                0x00000bb0                display_memory
 .text.write_memory
                0x00000bdc       0x2e ./source/memory_test.o
                0x00000bdc                write_memory
 .text.invert_block
                0x00000c0a       0x5c ./source/memory_test.o
                0x00000c0a                invert_block
 .text.write_pattern
                0x00000c66       0x34 ./source/memory_test.o
                0x00000c66                write_pattern
 .text.verify_pattern
                0x00000c9a       0xc4 ./source/memory_test.o
                0x00000c9a                verify_pattern
 .text.gen_pattern
                0x00000d5e       0x52 ./source/pattern_generator.o
                0x00000d5e                gen_pattern
 .text.HardFault_Handler
                0x00000db0       0x30 ./source/semihost_hardfault.o
                0x00000db0                HardFault_Handler
 .text.SystemInit
                0x00000de0       0x18 ./CMSIS/system_MKL25Z4.o
                0x00000de0                SystemInit
 .text.UART_EnableTx
                0x00000df8       0x40 ./utilities/fsl_debug_console.o
 .text.UART_EnableRx
                0x00000e38       0x40 ./utilities/fsl_debug_console.o
 .text.LPSCI_EnableTx
                0x00000e78       0x40 ./utilities/fsl_debug_console.o
 .text.LPSCI_EnableRx
                0x00000eb8       0x40 ./utilities/fsl_debug_console.o
 .text.DbgConsole_Init
                0x00000ef8       0xf0 ./utilities/fsl_debug_console.o
                0x00000ef8                DbgConsole_Init
 .text.DbgConsole_Printf
                0x00000fe8       0x44 ./utilities/fsl_debug_console.o
                0x00000fe8                DbgConsole_Printf
 .text.DbgConsole_Putchar
                0x0000102c       0x34 ./utilities/fsl_debug_console.o
                0x0000102c                DbgConsole_Putchar
 .text.DbgConsole_PrintfPaddingCharacter
                0x00001060       0x46 ./utilities/fsl_debug_console.o
 .text.DbgConsole_ConvertRadixNumToString
                0x000010a6      0x114 ./utilities/fsl_debug_console.o
 .text.DbgConsole_PrintfFormattedData
                0x000011ba      0x336 ./utilities/fsl_debug_console.o
 .text.CLOCK_SetEr32kClock
                0x000014f0       0x34 ./drivers/fsl_clock.o
 .text.CLOCK_SetPllFllSelClock
                0x00001524       0x38 ./drivers/fsl_clock.o
 .text.OSC_SetExtRefClkConfig
                0x0000155c       0x3e ./drivers/fsl_clock.o
 .text.OSC_SetCapLoad
                0x0000159a       0x42 ./drivers/fsl_clock.o
 .text.CLOCK_GetMcgExtClkFreq
                0x000015dc       0x34 ./drivers/fsl_clock.o
 .text.CLOCK_GetFllExtRefClkFreq
                0x00001610       0xa4 ./drivers/fsl_clock.o
 .text.CLOCK_GetFllRefClkFreq
                0x000016b4       0x2c ./drivers/fsl_clock.o
 .text.CLOCK_GetPll0RefFreq
                0x000016e0       0x10 ./drivers/fsl_clock.o
 .text.CLOCK_GetOscRangeFromFreq
                0x000016f0       0x4c ./drivers/fsl_clock.o
 .text.CLOCK_GetPllFllSelClkFreq
                0x0000173c       0x4c ./drivers/fsl_clock.o
                0x0000173c                CLOCK_GetPllFllSelClkFreq
 .text.CLOCK_SetSimConfig
                0x00001788       0x38 ./drivers/fsl_clock.o
                0x00001788                CLOCK_SetSimConfig
 .text.CLOCK_GetFllFreq
                0x000017c0       0x84 ./drivers/fsl_clock.o
                0x000017c0                CLOCK_GetFllFreq
 .text.CLOCK_GetPll0Freq
                0x00001844       0x80 ./drivers/fsl_clock.o
                0x00001844                CLOCK_GetPll0Freq
 .text.CLOCK_SetExternalRefClkConfig
                0x000018c4       0x16 ./drivers/fsl_clock.o
                0x000018c4                CLOCK_SetExternalRefClkConfig
 *fill*         0x000018da        0x2 ff
 .text.CLOCK_SetInternalRefClkConfig
                0x000018dc      0x124 ./drivers/fsl_clock.o
                0x000018dc                CLOCK_SetInternalRefClkConfig
 .text.CLOCK_EnablePll0
                0x00001a00       0xa0 ./drivers/fsl_clock.o
                0x00001a00                CLOCK_EnablePll0
 .text.CLOCK_InitOsc0
                0x00001aa0       0x94 ./drivers/fsl_clock.o
                0x00001aa0                CLOCK_InitOsc0
 .text.CLOCK_SetPbeMode
                0x00001b34       0xc0 ./drivers/fsl_clock.o
                0x00001b34                CLOCK_SetPbeMode
 .text.CLOCK_BootToPeeMode
                0x00001bf4       0x80 ./drivers/fsl_clock.o
                0x00001bf4                CLOCK_BootToPeeMode
 .text.__assert_func
                0x00001c74       0x28 ./drivers/fsl_common.o
                0x00001c74                __assert_func
 .text.CLOCK_EnableClock
                0x00001c9c       0x34 ./drivers/fsl_lpsci.o
 .text.LPSCI_GetInstance
                0x00001cd0       0x54 ./drivers/fsl_lpsci.o
                0x00001cd0                LPSCI_GetInstance
 .text.LPSCI_Init
                0x00001d24      0x268 ./drivers/fsl_lpsci.o
                0x00001d24                LPSCI_Init
 .text.LPSCI_GetDefaultConfig
                0x00001f8c       0x54 ./drivers/fsl_lpsci.o
                0x00001f8c                LPSCI_GetDefaultConfig
 .text.LPSCI_GetStatusFlags
                0x00001fe0       0x26 ./drivers/fsl_lpsci.o
                0x00001fe0                LPSCI_GetStatusFlags
 *fill*         0x00002006        0x2 ff
 .text.LPSCI_ClearStatusFlags
                0x00002008       0x94 ./drivers/fsl_lpsci.o
                0x00002008                LPSCI_ClearStatusFlags
 .text.LPSCI_WriteBlocking
                0x0000209c       0x5c ./drivers/fsl_lpsci.o
                0x0000209c                LPSCI_WriteBlocking
 .text.LPSCI_ReadBlocking
                0x000020f8       0xd0 ./drivers/fsl_lpsci.o
                0x000020f8                LPSCI_ReadBlocking
 .text.UART0_DriverIRQHandler
                0x000021c8       0x24 ./drivers/fsl_lpsci.o
                0x000021c8                UART0_DriverIRQHandler
 .text.CLOCK_EnableClock
                0x000021ec       0x34 ./drivers/fsl_uart.o
 .text.UART_GetInstance
                0x00002220       0x60 ./drivers/fsl_uart.o
                0x00002220                UART_GetInstance
 .text.UART_Init
                0x00002280      0x1f0 ./drivers/fsl_uart.o
                0x00002280                UART_Init
 .text.UART_GetDefaultConfig
                0x00002470       0x54 ./drivers/fsl_uart.o
                0x00002470                UART_GetDefaultConfig
 .text.UART_GetStatusFlags
                0x000024c4       0x26 ./drivers/fsl_uart.o
                0x000024c4                UART_GetStatusFlags
 .text.UART_WriteBlocking
                0x000024ea       0x3a ./drivers/fsl_uart.o
                0x000024ea                UART_WriteBlocking
 .text.UART_ReadBlocking
                0x00002524       0xa8 ./drivers/fsl_uart.o
                0x00002524                UART_ReadBlocking
 .text.UART1_DriverIRQHandler
                0x000025cc       0x24 ./drivers/fsl_uart.o
                0x000025cc                UART1_DriverIRQHandler
 .text.UART2_DriverIRQHandler
                0x000025f0       0x24 ./drivers/fsl_uart.o
                0x000025f0                UART2_DriverIRQHandler
 .text.CLOCK_SetLpsci0Clock
                0x00002614       0x38 ./board/board.o
 .text.BOARD_InitDebugConsole
                0x0000264c       0x30 ./board/board.o
                0x0000264c                BOARD_InitDebugConsole
 .text.CLOCK_SetSimSafeDivs
                0x0000267c       0x20 ./board/clock_config.o
 .text.CLOCK_SetXtal0Freq
                0x0000269c       0x1c ./board/clock_config.o
 .text.CLOCK_CONFIG_SetFllExtRefDiv
                0x000026b8       0x3c ./board/clock_config.o
 .text.BOARD_InitBootClocks
                0x000026f4        0xe ./board/clock_config.o
                0x000026f4                BOARD_InitBootClocks
 *fill*         0x00002702        0x2 ff
 .text.BOARD_BootClockRUN
                0x00002704       0x64 ./board/clock_config.o
                0x00002704                BOARD_BootClockRUN
 .text.BOARD_InitBootPeripherals
                0x00002768        0xa ./board/peripherals.o
                0x00002768                BOARD_InitBootPeripherals
 *fill*         0x00002772        0x2 ff
 .text.CLOCK_EnableClock
                0x00002774       0x34 ./board/pin_mux.o
 .text.PORT_SetPinMux
                0x000027a8       0x40 ./board/pin_mux.o
 .text.BOARD_InitBootPins
                0x000027e8        0xe ./board/pin_mux.o
                0x000027e8                BOARD_InitBootPins
 *fill*         0x000027f6        0x2 ff
 .text.BOARD_InitPins
                0x000027f8       0x90 ./board/pin_mux.o
                0x000027f8                BOARD_InitPins
 .text.memcpy   0x00002888        0x8 c:/nxp/mcuxpressoide_11.0.1_2563/ide/plugins/com.nxp.mcuxpresso.tools.win32_11.0.1.201907311258/tools/bin/../lib/gcc/arm-none-eabi/8.2.1/../../../../arm-none-eabi/lib/thumb/v6-m/nofp\libcr_c.a(memcpy.o)
                0x00002888                memcpy
 .text.malloc   0x00002890       0xcc c:/nxp/mcuxpressoide_11.0.1_2563/ide/plugins/com.nxp.mcuxpresso.tools.win32_11.0.1.201907311258/tools/bin/../lib/gcc/arm-none-eabi/8.2.1/../../../../arm-none-eabi/lib/thumb/v6-m/nofp\libcr_c.a(alloc.o)
                0x00002890                malloc
 .text.free     0x0000295c       0x2c c:/nxp/mcuxpressoide_11.0.1_2563/ide/plugins/com.nxp.mcuxpresso.tools.win32_11.0.1.201907311258/tools/bin/../lib/gcc/arm-none-eabi/8.2.1/../../../../arm-none-eabi/lib/thumb/v6-m/nofp\libcr_c.a(alloc.o)
                0x0000295c                free
 .text.strlen   0x00002988       0x58 c:/nxp/mcuxpressoide_11.0.1_2563/ide/plugins/com.nxp.mcuxpresso.tools.win32_11.0.1.201907311258/tools/bin/../lib/gcc/arm-none-eabi/8.2.1/../../../../arm-none-eabi/lib/thumb/v6-m/nofp\libcr_c.a(strlen.o)
                0x00002988                strlen
 .text._sbrk    0x000029e0       0x40 c:/nxp/mcuxpressoide_11.0.1_2563/ide/plugins/com.nxp.mcuxpresso.tools.win32_11.0.1.201907311258/tools/bin/../lib/gcc/arm-none-eabi/8.2.1/../../../../arm-none-eabi/lib/thumb/v6-m/nofp\libcr_c.a(_cr_sbrk.o)
                0x000029e0                _sbrk
 .text.__check_heap_overflow
                0x00002a20       0x14 c:/nxp/mcuxpressoide_11.0.1_2563/ide/plugins/com.nxp.mcuxpresso.tools.win32_11.0.1.201907311258/tools/bin/../lib/gcc/arm-none-eabi/8.2.1/../../../../arm-none-eabi/lib/thumb/v6-m/nofp\libcr_c.a(_cr_check_heap.o)
                0x00002a20                __check_heap_overflow
 .text.__aeabi_division_idivmod
                0x00002a34       0x78 c:/nxp/mcuxpressoide_11.0.1_2563/ide/plugins/com.nxp.mcuxpresso.tools.win32_11.0.1.201907311258/tools/bin/../lib/gcc/arm-none-eabi/8.2.1/thumb/v6-m/nofp\libcr_eabihelpers.a(division_32.o)
                0x00002a34                __aeabi_idivmod
                0x00002a34                __aeabi_idiv
                0x00002a3a                __aeabi_uidivmod
                0x00002a3a                __aeabi_uidiv
 .text.__aeabi_division_idiv0
                0x00002aac        0x2 c:/nxp/mcuxpressoide_11.0.1_2563/ide/plugins/com.nxp.mcuxpresso.tools.win32_11.0.1.201907311258/tools/bin/../lib/gcc/arm-none-eabi/8.2.1/thumb/v6-m/nofp\libcr_eabihelpers.a(division_idiv0.o)
                0x00002aac                __aeabi_idiv0
 .text.__aeabi_memcpy
                0x00002aae       0x2c c:/nxp/mcuxpressoide_11.0.1_2563/ide/plugins/com.nxp.mcuxpresso.tools.win32_11.0.1.201907311258/tools/bin/../lib/gcc/arm-none-eabi/8.2.1/thumb/v6-m/nofp\libcr_eabihelpers.a(memcpy.o)
                0x00002aae                __aeabi_memcpy4
                0x00002aae                __aeabi_memcpy8
                0x00002aae                __aeabi_memcpy
 *(.rodata .rodata.* .constdata .constdata.*)
 *fill*         0x00002ada        0x2 ff
 .rodata        0x00002adc      0x181 ./source/main.o
 *fill*         0x00002c5d        0x3 ff
 .rodata        0x00002c60       0x2b ./source/logger.o
 *fill*         0x00002c8b        0x1 ff
 .rodata        0x00002c8c       0x14 ./source/memory_test.o
 .rodata        0x00002ca0       0x47 ./drivers/fsl_clock.o
 *fill*         0x00002ce7        0x1 ff
 .rodata.__func__.5326
                0x00002ce8       0x17 ./drivers/fsl_clock.o
 *fill*         0x00002cff        0x1 ff
 .rodata.fllFactorTable.5432
                0x00002d00       0x10 ./drivers/fsl_clock.o
 .rodata.__func__.5447
                0x00002d10       0x12 ./drivers/fsl_clock.o
 *fill*         0x00002d22        0x2 ff
 .rodata.__func__.5487
                0x00002d24       0x11 ./drivers/fsl_clock.o
 *fill*         0x00002d35        0x3 ff
 .rodata.__func__.5624
                0x00002d38       0x11 ./drivers/fsl_clock.o
 *fill*         0x00002d49        0x3 ff
 .rodata.__func__.5691
                0x00002d4c       0x14 ./drivers/fsl_clock.o
 .rodata        0x00002d60       0x3e ./drivers/fsl_common.o
 *fill*         0x00002d9e        0x2 ff
 .rodata        0x00002da0       0xb2 ./drivers/fsl_lpsci.o
 *fill*         0x00002e52        0x2 ff
 .rodata.__func__.5507
                0x00002e54       0x12 ./drivers/fsl_lpsci.o
 *fill*         0x00002e66        0x2 ff
 .rodata.__func__.5543
                0x00002e68        0xb ./drivers/fsl_lpsci.o
 *fill*         0x00002e73        0x1 ff
 .rodata.__func__.5564
                0x00002e74       0x17 ./drivers/fsl_lpsci.o
 *fill*         0x00002e8b        0x1 ff
 .rodata.__func__.5609
                0x00002e8c       0x14 ./drivers/fsl_lpsci.o
 .rodata.__func__.5621
                0x00002ea0       0x13 ./drivers/fsl_lpsci.o
 *fill*         0x00002eb3        0x1 ff
 .rodata.s_uartBases
                0x00002eb4        0xc ./drivers/fsl_uart.o
 .rodata.s_uartClock
                0x00002ec0        0xc ./drivers/fsl_uart.o
 .rodata        0x00002ecc       0xaa ./drivers/fsl_uart.o
 *fill*         0x00002f76        0x2 ff
 .rodata.__func__.5510
                0x00002f78       0x11 ./drivers/fsl_uart.o
 *fill*         0x00002f89        0x3 ff
 .rodata.__func__.5526
                0x00002f8c        0xa ./drivers/fsl_uart.o
 *fill*         0x00002f96        0x2 ff
 .rodata.__func__.5539
                0x00002f98       0x16 ./drivers/fsl_uart.o
 *fill*         0x00002fae        0x2 ff
 .rodata.__func__.5597
                0x00002fb0       0x12 ./drivers/fsl_uart.o
 *fill*         0x00002fc2        0x2 ff
 .rodata.mcgConfig_BOARD_BootClockRUN
                0x00002fc4        0xa ./board/clock_config.o
                0x00002fc4                mcgConfig_BOARD_BootClockRUN
 *fill*         0x00002fce        0x2 ff
 .rodata.simConfig_BOARD_BootClockRUN
                0x00002fd0        0x8 ./board/clock_config.o
                0x00002fd0                simConfig_BOARD_BootClockRUN
 .rodata.oscConfig_BOARD_BootClockRUN
                0x00002fd8        0x8 ./board/clock_config.o
                0x00002fd8                oscConfig_BOARD_BootClockRUN
                0x00002fe0                . = ALIGN (0x4)

.glue_7         0x00002fe0        0x0
 .glue_7        0x00002fe0        0x0 linker stubs

.glue_7t        0x00002fe0        0x0
 .glue_7t       0x00002fe0        0x0 linker stubs

.vfp11_veneer   0x00002fe0        0x0
 .vfp11_veneer  0x00002fe0        0x0 linker stubs

.v4_bx          0x00002fe0        0x0
 .v4_bx         0x00002fe0        0x0 linker stubs

.iplt           0x00002fe0        0x0
 .iplt          0x00002fe0        0x0 ./source/main.o

.rel.dyn        0x00002fe0        0x0
 .rel.iplt      0x00002fe0        0x0 ./source/main.o

.ARM.extab
 *(.ARM.extab* .gnu.linkonce.armextab.*)
                0x00002fe0                __exidx_start = .

.ARM.exidx
 *(.ARM.exidx* .gnu.linkonce.armexidx.*)
                0x00002fe0                __exidx_end = .
                0x00002fe0                _etext = .

.m_usb_data
 *(m_usb_bdt)

.mtb_buffer_default
                0x1ffff000       0x80
 *(.mtb*)
 .mtb.$RAM1     0x1ffff000       0x80 ./source/mtb.o
                0x1ffff000                __mtb_buffer__

.uninit_RESERVED
                0x1ffff080        0x0
                0x1ffff080                . = ALIGN (0x4)
 *(.bss.$RESERVED*)
                0x1ffff080                . = ALIGN (0x4)
                0x1ffff080                _end_uninit_RESERVED = .

.data           0x1ffff080        0x8 load address 0x00002fe0
 FILL mask 0xff
                0x1ffff080                _data = .
 *(vtable)
 *(.ramfunc*)
 *(CodeQuickAccess)
 *(DataQuickAccess)
 *(RamFunction)
 *(.data*)
 .data.SystemCoreClock
                0x1ffff080        0x4 ./CMSIS/system_MKL25Z4.o
                0x1ffff080                SystemCoreClock
 .data.s_slowIrcFreq
                0x1ffff084        0x4 ./drivers/fsl_clock.o
                0x1ffff088                . = ALIGN (0x4)
                0x1ffff088                _edata = .

.igot.plt       0x1ffff088        0x0 load address 0x00002fe8
 .igot.plt      0x1ffff088        0x0 ./source/main.o

.bss            0x1ffff088       0x48 load address 0x00002fe8
                0x1ffff088                . = ALIGN (0x4)
                0x1ffff088                _bss = .
 *(.bss*)
 .bss.result    0x1ffff088        0x1 ./source/main.o
                0x1ffff088                result
 .bss.test      0x1ffff089        0x1 ./source/main.o
                0x1ffff089                test
 .bss.passCount
                0x1ffff08a        0x1 ./source/main.o
                0x1ffff08a                passCount
 *fill*         0x1ffff08b        0x1 
 .bss.k.6649    0x1ffff08c        0x4 ./source/main.o
 .bss.s_debugConsole
                0x1ffff090       0x10 ./utilities/fsl_debug_console.o
 .bss.s_lpsciHandle
                0x1ffff0a0        0x4 ./drivers/fsl_lpsci.o
 .bss.s_lpsciIsr
                0x1ffff0a4        0x4 ./drivers/fsl_lpsci.o
 .bss.s_uartHandle
                0x1ffff0a8        0xc ./drivers/fsl_uart.o
 .bss.s_uartIsr
                0x1ffff0b4        0x4 ./drivers/fsl_uart.o
 .bss.__end_of_heap
                0x1ffff0b8        0x4 c:/nxp/mcuxpressoide_11.0.1_2563/ide/plugins/com.nxp.mcuxpresso.tools.win32_11.0.1.201907311258/tools/bin/../lib/gcc/arm-none-eabi/8.2.1/../../../../arm-none-eabi/lib/thumb/v6-m/nofp\libcr_c.a(__init_alloc.o)
                0x1ffff0b8                __end_of_heap
 .bss.__heaps   0x1ffff0bc        0x4 c:/nxp/mcuxpressoide_11.0.1_2563/ide/plugins/com.nxp.mcuxpresso.tools.win32_11.0.1.201907311258/tools/bin/../lib/gcc/arm-none-eabi/8.2.1/../../../../arm-none-eabi/lib/thumb/v6-m/nofp\libcr_c.a(__init_alloc.o)
                0x1ffff0bc                __heaps
 .bss.errno     0x1ffff0c0        0x4 c:/nxp/mcuxpressoide_11.0.1_2563/ide/plugins/com.nxp.mcuxpresso.tools.win32_11.0.1.201907311258/tools/bin/../lib/gcc/arm-none-eabi/8.2.1/../../../../arm-none-eabi/lib/thumb/v6-m/nofp\libcr_c.a(errno.o)
                0x1ffff0c0                errno
 *(COMMON)
 COMMON         0x1ffff0c4        0x1 ./source/main.o
                0x1ffff0c4                log_a
 *fill*         0x1ffff0c5        0x3 
 COMMON         0x1ffff0c8        0x8 ./drivers/fsl_clock.o
                0x1ffff0c8                g_xtal32Freq
                0x1ffff0cc                g_xtal0Freq
                0x1ffff0d0                . = ALIGN (0x4)
                0x1ffff0d0                _ebss = .
                [!provide]                PROVIDE (end = .)

.noinit         0x1ffff0d0        0x0 load address 0x00002fe8
                0x1ffff0d0                . = ALIGN (0x4)
                0x1ffff0d0                _noinit = .
 *(.noinit*)
                0x1ffff0d0                . = ALIGN (0x4)
                0x1ffff0d0                _end_noinit = .
                0x00000400                _HeapSize = 0x400

.heap           0x1ffff0d0      0x400 load address 0x00002fe8
                0x1ffff0d0                _pvHeapStart = .
                0x1ffff4d0                . = (. + _HeapSize)
 *fill*         0x1ffff0d0      0x400 
                0x1ffff4d0                . = ALIGN (0x4)
                0x1ffff4d0                _pvHeapLimit = .
                0x00000400                _StackSize = 0x400

.heap2stackfill
                0x1ffff4d0      0x400 load address 0x00002fe8
                0x1ffff8d0                . = (. + _StackSize)
 *fill*         0x1ffff4d0      0x400 

.stack          0x20002c00        0x0
                0x20002c00                _vStackBase = .
                0x20002c00                . = ALIGN (0x4)
                0x20003000                _vStackTop = (. + _StackSize)
                0x00000000                _image_start = LOADADDR (.text)
                0x00002fe8                _image_end = (LOADADDR (.data) + SIZEOF (.data))
                0x00002fe8                _image_size = (_image_end - _image_start)
OUTPUT(project3.axf elf32-littlearm)

.debug_info     0x00000000    0x1025a
 .debug_info    0x00000000      0xfc5 ./source/main.o
 .debug_info    0x00000fc5      0xdca ./source/led_control.o
 .debug_info    0x00001d8f      0xd8e ./source/logger.o
 .debug_info    0x00002b1d      0xc40 ./source/memory_test.o
 .debug_info    0x0000375d      0x99f ./source/pattern_generator.o
 .debug_info    0x000040fc       0x4f ./source/mtb.o
 .debug_info    0x0000414b       0x38 ./source/semihost_hardfault.o
 .debug_info    0x00004183      0x4db ./startup/startup_mkl25z4.o
 .debug_info    0x0000465e      0x421 ./CMSIS/system_MKL25Z4.o
 .debug_info    0x00004a7f     0x17de ./utilities/fsl_debug_console.o
 .debug_info    0x0000625d     0x2409 ./drivers/fsl_clock.o
 .debug_info    0x00008666      0xce0 ./drivers/fsl_common.o
 .debug_info    0x00009346     0x1f25 ./drivers/fsl_lpsci.o
 .debug_info    0x0000b26b     0x1ea2 ./drivers/fsl_uart.o
 .debug_info    0x0000d10d      0xf78 ./board/board.o
 .debug_info    0x0000e085     0x137c ./board/clock_config.o
 .debug_info    0x0000f401       0x38 ./board/peripherals.o
 .debug_info    0x0000f439      0xe21 ./board/pin_mux.o

.debug_abbrev   0x00000000     0x2a24
 .debug_abbrev  0x00000000      0x29a ./source/main.o
 .debug_abbrev  0x0000029a      0x273 ./source/led_control.o
 .debug_abbrev  0x0000050d      0x27f ./source/logger.o
 .debug_abbrev  0x0000078c      0x294 ./source/memory_test.o
 .debug_abbrev  0x00000a20      0x1fc ./source/pattern_generator.o
 .debug_abbrev  0x00000c1c       0x43 ./source/mtb.o
 .debug_abbrev  0x00000c5f       0x2e ./source/semihost_hardfault.o
 .debug_abbrev  0x00000c8d      0x18a ./startup/startup_mkl25z4.o
 .debug_abbrev  0x00000e17      0x12b ./CMSIS/system_MKL25Z4.o
 .debug_abbrev  0x00000f42      0x389 ./utilities/fsl_debug_console.o
 .debug_abbrev  0x000012cb      0x436 ./drivers/fsl_clock.o
 .debug_abbrev  0x00001701      0x379 ./drivers/fsl_common.o
 .debug_abbrev  0x00001a7a      0x3c2 ./drivers/fsl_lpsci.o
 .debug_abbrev  0x00001e3c      0x3dc ./drivers/fsl_uart.o
 .debug_abbrev  0x00002218      0x259 ./board/board.o
 .debug_abbrev  0x00002471      0x2e5 ./board/clock_config.o
 .debug_abbrev  0x00002756       0x2e ./board/peripherals.o
 .debug_abbrev  0x00002784      0x2a0 ./board/pin_mux.o

.debug_aranges  0x00000000      0x8a8
 .debug_aranges
                0x00000000       0x20 ./source/main.o
 .debug_aranges
                0x00000020       0x40 ./source/led_control.o
 .debug_aranges
                0x00000060       0x48 ./source/logger.o
 .debug_aranges
                0x000000a8       0x50 ./source/memory_test.o
 .debug_aranges
                0x000000f8       0x20 ./source/pattern_generator.o
 .debug_aranges
                0x00000118       0x18 ./source/mtb.o
 .debug_aranges
                0x00000130       0x20 ./source/semihost_hardfault.o
 .debug_aranges
                0x00000150      0x160 ./startup/startup_mkl25z4.o
 .debug_aranges
                0x000002b0       0x28 ./CMSIS/system_MKL25Z4.o
 .debug_aranges
                0x000002d8       0xa0 ./utilities/fsl_debug_console.o
 .debug_aranges
                0x00000378      0x1d8 ./drivers/fsl_clock.o
 .debug_aranges
                0x00000550       0x38 ./drivers/fsl_common.o
 .debug_aranges
                0x00000588      0x118 ./drivers/fsl_lpsci.o
 .debug_aranges
                0x000006a0      0x130 ./drivers/fsl_uart.o
 .debug_aranges
                0x000007d0       0x28 ./board/board.o
 .debug_aranges
                0x000007f8       0x58 ./board/clock_config.o
 .debug_aranges
                0x00000850       0x20 ./board/peripherals.o
 .debug_aranges
                0x00000870       0x38 ./board/pin_mux.o

.debug_ranges   0x00000000      0x780
 .debug_ranges  0x00000000       0x10 ./source/main.o
 .debug_ranges  0x00000010       0x30 ./source/led_control.o
 .debug_ranges  0x00000040       0x38 ./source/logger.o
 .debug_ranges  0x00000078       0x40 ./source/memory_test.o
 .debug_ranges  0x000000b8       0x10 ./source/pattern_generator.o
 .debug_ranges  0x000000c8       0x10 ./source/semihost_hardfault.o
 .debug_ranges  0x000000d8      0x150 ./startup/startup_mkl25z4.o
 .debug_ranges  0x00000228       0x18 ./CMSIS/system_MKL25Z4.o
 .debug_ranges  0x00000240       0x90 ./utilities/fsl_debug_console.o
 .debug_ranges  0x000002d0      0x1c8 ./drivers/fsl_clock.o
 .debug_ranges  0x00000498       0x28 ./drivers/fsl_common.o
 .debug_ranges  0x000004c0      0x108 ./drivers/fsl_lpsci.o
 .debug_ranges  0x000005c8      0x120 ./drivers/fsl_uart.o
 .debug_ranges  0x000006e8       0x18 ./board/board.o
 .debug_ranges  0x00000700       0x48 ./board/clock_config.o
 .debug_ranges  0x00000748       0x10 ./board/peripherals.o
 .debug_ranges  0x00000758       0x28 ./board/pin_mux.o

.debug_line     0x00000000     0x6031
 .debug_line    0x00000000      0x50e ./source/main.o
 .debug_line    0x0000050e      0x339 ./source/led_control.o
 .debug_line    0x00000847      0x3cf ./source/logger.o
 .debug_line    0x00000c16      0x43a ./source/memory_test.o
 .debug_line    0x00001050      0x2ed ./source/pattern_generator.o
 .debug_line    0x0000133d       0x30 ./source/mtb.o
 .debug_line    0x0000136d       0x5a ./source/semihost_hardfault.o
 .debug_line    0x000013c7      0x1e7 ./startup/startup_mkl25z4.o
 .debug_line    0x000015ae      0x2c0 ./CMSIS/system_MKL25Z4.o
 .debug_line    0x0000186e      0xcfb ./utilities/fsl_debug_console.o
 .debug_line    0x00002569     0x12d3 ./drivers/fsl_clock.o
 .debug_line    0x0000383c      0x3e8 ./drivers/fsl_common.o
 .debug_line    0x00003c24      0xd57 ./drivers/fsl_lpsci.o
 .debug_line    0x0000497b      0xd45 ./drivers/fsl_uart.o
 .debug_line    0x000056c0      0x2a9 ./board/board.o
 .debug_line    0x00005969      0x386 ./board/clock_config.o
 .debug_line    0x00005cef       0x4b ./board/peripherals.o
 .debug_line    0x00005d3a      0x2f7 ./board/pin_mux.o

.debug_str      0x00000000     0x4197
 .debug_str     0x00000000      0xda2 ./source/main.o
                                0xe35 (size before relaxing)
 .debug_str     0x00000da2       0xa5 ./source/led_control.o
                                0x9d4 (size before relaxing)
 .debug_str     0x00000e47       0x71 ./source/logger.o
                                0x9ac (size before relaxing)
 .debug_str     0x00000eb8       0xce ./source/memory_test.o
                                0x6e1 (size before relaxing)
 .debug_str     0x00000f86       0x2a ./source/pattern_generator.o
                                0x5d2 (size before relaxing)
 .debug_str     0x00000fb0       0x1f ./source/mtb.o
                                0x13d (size before relaxing)
 .debug_str     0x00000fcf       0x31 ./source/semihost_hardfault.o
                                0x13d (size before relaxing)
 .debug_str     0x00001000      0x382 ./startup/startup_mkl25z4.o
                                0x4b3 (size before relaxing)
 .debug_str     0x00001382      0x145 ./CMSIS/system_MKL25Z4.o
                                0x314 (size before relaxing)
 .debug_str     0x000014c7      0x6dd ./utilities/fsl_debug_console.o
                               0x1198 (size before relaxing)
 .debug_str     0x00001ba4      0xcfa ./drivers/fsl_clock.o
                               0x1bc7 (size before relaxing)
 .debug_str     0x0000289e      0x307 ./drivers/fsl_common.o
                                0x8cb (size before relaxing)
 .debug_str     0x00002ba5      0x9bd ./drivers/fsl_lpsci.o
                               0x198f (size before relaxing)
 .debug_str     0x00003562      0x819 ./drivers/fsl_uart.o
                               0x199b (size before relaxing)
 .debug_str     0x00003d7b       0x4c ./board/board.o
                                0xa52 (size before relaxing)
 .debug_str     0x00003dc7      0x237 ./board/clock_config.o
                               0x1190 (size before relaxing)
 .debug_str     0x00003ffe       0x31 ./board/peripherals.o
                                0x13d (size before relaxing)
 .debug_str     0x0000402f      0x168 ./board/pin_mux.o
                                0x999 (size before relaxing)

.comment        0x00000000       0x75
 .comment       0x00000000       0x75 ./source/main.o
                                 0x76 (size before relaxing)
 .comment       0x00000075       0x76 ./source/led_control.o
 .comment       0x00000075       0x76 ./source/logger.o
 .comment       0x00000075       0x76 ./source/memory_test.o
 .comment       0x00000075       0x76 ./source/pattern_generator.o
 .comment       0x00000075       0x76 ./source/mtb.o
 .comment       0x00000075       0x76 ./source/semihost_hardfault.o
 .comment       0x00000075       0x76 ./startup/startup_mkl25z4.o
 .comment       0x00000075       0x76 ./CMSIS/system_MKL25Z4.o
 .comment       0x00000075       0x76 ./utilities/fsl_debug_console.o
 .comment       0x00000075       0x76 ./drivers/fsl_clock.o
 .comment       0x00000075       0x76 ./drivers/fsl_common.o
 .comment       0x00000075       0x76 ./drivers/fsl_lpsci.o
 .comment       0x00000075       0x76 ./drivers/fsl_uart.o
 .comment       0x00000075       0x76 ./board/board.o
 .comment       0x00000075       0x76 ./board/clock_config.o
 .comment       0x00000075       0x76 ./board/peripherals.o
 .comment       0x00000075       0x76 ./board/pin_mux.o
 .comment       0x00000075       0x76 c:/nxp/mcuxpressoide_11.0.1_2563/ide/plugins/com.nxp.mcuxpresso.tools.win32_11.0.1.201907311258/tools/bin/../lib/gcc/arm-none-eabi/8.2.1/../../../../arm-none-eabi/lib/thumb/v6-m/nofp\libcr_c.a(memcpy.o)
 .comment       0x00000075       0x76 c:/nxp/mcuxpressoide_11.0.1_2563/ide/plugins/com.nxp.mcuxpresso.tools.win32_11.0.1.201907311258/tools/bin/../lib/gcc/arm-none-eabi/8.2.1/../../../../arm-none-eabi/lib/thumb/v6-m/nofp\libcr_c.a(alloc.o)
 .comment       0x00000075       0x76 c:/nxp/mcuxpressoide_11.0.1_2563/ide/plugins/com.nxp.mcuxpresso.tools.win32_11.0.1.201907311258/tools/bin/../lib/gcc/arm-none-eabi/8.2.1/../../../../arm-none-eabi/lib/thumb/v6-m/nofp\libcr_c.a(strlen.o)
 .comment       0x00000075       0x76 c:/nxp/mcuxpressoide_11.0.1_2563/ide/plugins/com.nxp.mcuxpresso.tools.win32_11.0.1.201907311258/tools/bin/../lib/gcc/arm-none-eabi/8.2.1/../../../../arm-none-eabi/lib/thumb/v6-m/nofp\libcr_c.a(__init_alloc.o)
 .comment       0x00000075       0x76 c:/nxp/mcuxpressoide_11.0.1_2563/ide/plugins/com.nxp.mcuxpresso.tools.win32_11.0.1.201907311258/tools/bin/../lib/gcc/arm-none-eabi/8.2.1/../../../../arm-none-eabi/lib/thumb/v6-m/nofp\libcr_c.a(_cr_sbrk.o)
 .comment       0x00000075       0x76 c:/nxp/mcuxpressoide_11.0.1_2563/ide/plugins/com.nxp.mcuxpresso.tools.win32_11.0.1.201907311258/tools/bin/../lib/gcc/arm-none-eabi/8.2.1/../../../../arm-none-eabi/lib/thumb/v6-m/nofp\libcr_c.a(errno.o)
 .comment       0x00000075       0x76 c:/nxp/mcuxpressoide_11.0.1_2563/ide/plugins/com.nxp.mcuxpresso.tools.win32_11.0.1.201907311258/tools/bin/../lib/gcc/arm-none-eabi/8.2.1/../../../../arm-none-eabi/lib/thumb/v6-m/nofp\libcr_c.a(_cr_check_heap.o)

.ARM.attributes
                0x00000000       0x2a
 .ARM.attributes
                0x00000000       0x2c ./source/main.o
 .ARM.attributes
                0x0000002c       0x2c ./source/led_control.o
 .ARM.attributes
                0x00000058       0x2c ./source/logger.o
 .ARM.attributes
                0x00000084       0x2c ./source/memory_test.o
 .ARM.attributes
                0x000000b0       0x2c ./source/pattern_generator.o
 .ARM.attributes
                0x000000dc       0x32 ./source/mtb.o
 .ARM.attributes
                0x0000010e       0x2c ./source/semihost_hardfault.o
 .ARM.attributes
                0x0000013a       0x2c ./startup/startup_mkl25z4.o
 .ARM.attributes
                0x00000166       0x2c ./CMSIS/system_MKL25Z4.o
 .ARM.attributes
                0x00000192       0x2c ./utilities/fsl_debug_console.o
 .ARM.attributes
                0x000001be       0x2c ./drivers/fsl_clock.o
 .ARM.attributes
                0x000001ea       0x2c ./drivers/fsl_common.o
 .ARM.attributes
                0x00000216       0x2c ./drivers/fsl_lpsci.o
 .ARM.attributes
                0x00000242       0x2c ./drivers/fsl_uart.o
 .ARM.attributes
                0x0000026e       0x2c ./board/board.o
 .ARM.attributes
                0x0000029a       0x2c ./board/clock_config.o
 .ARM.attributes
                0x000002c6       0x2c ./board/peripherals.o
 .ARM.attributes
                0x000002f2       0x2c ./board/pin_mux.o
 .ARM.attributes
                0x0000031e       0x2c c:/nxp/mcuxpressoide_11.0.1_2563/ide/plugins/com.nxp.mcuxpresso.tools.win32_11.0.1.201907311258/tools/bin/../lib/gcc/arm-none-eabi/8.2.1/../../../../arm-none-eabi/lib/thumb/v6-m/nofp\libcr_c.a(memcpy.o)
 .ARM.attributes
                0x0000034a       0x2c c:/nxp/mcuxpressoide_11.0.1_2563/ide/plugins/com.nxp.mcuxpresso.tools.win32_11.0.1.201907311258/tools/bin/../lib/gcc/arm-none-eabi/8.2.1/../../../../arm-none-eabi/lib/thumb/v6-m/nofp\libcr_c.a(alloc.o)
 .ARM.attributes
                0x00000376       0x2c c:/nxp/mcuxpressoide_11.0.1_2563/ide/plugins/com.nxp.mcuxpresso.tools.win32_11.0.1.201907311258/tools/bin/../lib/gcc/arm-none-eabi/8.2.1/../../../../arm-none-eabi/lib/thumb/v6-m/nofp\libcr_c.a(strlen.o)
 .ARM.attributes
                0x000003a2       0x2c c:/nxp/mcuxpressoide_11.0.1_2563/ide/plugins/com.nxp.mcuxpresso.tools.win32_11.0.1.201907311258/tools/bin/../lib/gcc/arm-none-eabi/8.2.1/../../../../arm-none-eabi/lib/thumb/v6-m/nofp\libcr_c.a(__init_alloc.o)
 .ARM.attributes
                0x000003ce       0x2c c:/nxp/mcuxpressoide_11.0.1_2563/ide/plugins/com.nxp.mcuxpresso.tools.win32_11.0.1.201907311258/tools/bin/../lib/gcc/arm-none-eabi/8.2.1/../../../../arm-none-eabi/lib/thumb/v6-m/nofp\libcr_c.a(_cr_sbrk.o)
 .ARM.attributes
                0x000003fa       0x31 c:/nxp/mcuxpressoide_11.0.1_2563/ide/plugins/com.nxp.mcuxpresso.tools.win32_11.0.1.201907311258/tools/bin/../lib/gcc/arm-none-eabi/8.2.1/../../../../arm-none-eabi/lib/thumb/v6-m/nofp\libcr_c.a(errno.o)
 .ARM.attributes
                0x0000042b       0x2c c:/nxp/mcuxpressoide_11.0.1_2563/ide/plugins/com.nxp.mcuxpresso.tools.win32_11.0.1.201907311258/tools/bin/../lib/gcc/arm-none-eabi/8.2.1/../../../../arm-none-eabi/lib/thumb/v6-m/nofp\libcr_c.a(_cr_check_heap.o)
 .ARM.attributes
                0x00000457       0x1c c:/nxp/mcuxpressoide_11.0.1_2563/ide/plugins/com.nxp.mcuxpresso.tools.win32_11.0.1.201907311258/tools/bin/../lib/gcc/arm-none-eabi/8.2.1/thumb/v6-m/nofp\libcr_eabihelpers.a(division_32.o)
 .ARM.attributes
                0x00000473       0x1c c:/nxp/mcuxpressoide_11.0.1_2563/ide/plugins/com.nxp.mcuxpresso.tools.win32_11.0.1.201907311258/tools/bin/../lib/gcc/arm-none-eabi/8.2.1/thumb/v6-m/nofp\libcr_eabihelpers.a(division_idiv0.o)
 .ARM.attributes
                0x0000048f       0x1c c:/nxp/mcuxpressoide_11.0.1_2563/ide/plugins/com.nxp.mcuxpresso.tools.win32_11.0.1.201907311258/tools/bin/../lib/gcc/arm-none-eabi/8.2.1/thumb/v6-m/nofp\libcr_eabihelpers.a(memcpy.o)

.debug_frame    0x00000000     0x1b04
 .debug_frame   0x00000000       0x30 ./source/main.o
 .debug_frame   0x00000030       0xac ./source/led_control.o
 .debug_frame   0x000000dc       0xc4 ./source/logger.o
 .debug_frame   0x000001a0       0xf0 ./source/memory_test.o
 .debug_frame   0x00000290       0x30 ./source/pattern_generator.o
 .debug_frame   0x000002c0       0x20 ./source/semihost_hardfault.o
 .debug_frame   0x000002e0      0x3b0 ./startup/startup_mkl25z4.o
 .debug_frame   0x00000690       0x4c ./CMSIS/system_MKL25Z4.o
 .debug_frame   0x000006dc      0x230 ./utilities/fsl_debug_console.o
 .debug_frame   0x0000090c      0x6e4 ./drivers/fsl_clock.o
 .debug_frame   0x00000ff0       0x90 ./drivers/fsl_common.o
 .debug_frame   0x00001080      0x418 ./drivers/fsl_lpsci.o
 .debug_frame   0x00001498      0x468 ./drivers/fsl_uart.o
 .debug_frame   0x00001900       0x50 ./board/board.o
 .debug_frame   0x00001950      0x100 ./board/clock_config.o
 .debug_frame   0x00001a50       0x2c ./board/peripherals.o
 .debug_frame   0x00001a7c       0x88 ./board/pin_mux.o
